---
source: src/parse/tests.rs
expression: "super::parse_string(&input, &None)"
input_file: src/parse/test_inputs/transactions.beancount
---
{
  "entries": [
    {
      "Transaction": {
        "header": {
          "date": "2022-01-10",
          "meta": [],
          "tags": [],
          "links": [],
          "filename": null,
          "line": 1
        },
        "flag": "*",
        "payee": null,
        "narration": "Investing 60% of cash in RGAGX",
        "postings": [
          {
            "filename": null,
            "line": 2,
            "meta": [],
            "account": "Assets:US:Vanguard:RGAGX",
            "flag": null,
            "units": {
              "number": "4.947",
              "currency": "RGAGX"
            },
            "price": null,
            "cost": {
              "number_per": "72.76",
              "number_total": null,
              "currency": "USD",
              "date": "2022-01-10",
              "label": null,
              "merge": false
            }
          },
          {
            "filename": null,
            "line": 3,
            "meta": [],
            "account": "Assets:US:Vanguard:RGAGX",
            "flag": null,
            "units": {
              "number": "4.947",
              "currency": "TEST"
            },
            "price": null,
            "cost": {
              "number_per": null,
              "number_total": null,
              "currency": null,
              "date": null,
              "label": null,
              "merge": true
            }
          },
          {
            "filename": null,
            "line": 4,
            "meta": [],
            "account": "Assets:US:Vanguard:RGAGX",
            "flag": null,
            "units": {
              "number": "4.947",
              "currency": "TEST"
            },
            "price": null,
            "cost": {
              "number_per": "20.00",
              "number_total": "100",
              "currency": "USD",
              "date": null,
              "label": null,
              "merge": false
            }
          },
          {
            "filename": null,
            "line": 5,
            "meta": [],
            "account": "Assets:US:Vanguard:RGAGX",
            "flag": null,
            "units": {
              "number": "4.947",
              "currency": "TEST"
            },
            "price": null,
            "cost": {
              "number_per": "20.00",
              "number_total": "100",
              "currency": "USD",
              "date": null,
              "label": "cost-label",
              "merge": false
            }
          },
          {
            "filename": null,
            "line": 6,
            "meta": [],
            "account": "Assets:US:Vanguard:RGAGX",
            "flag": null,
            "units": {
              "number": "4.947",
              "currency": "TEST"
            },
            "price": null,
            "cost": {
              "number_per": null,
              "number_total": null,
              "currency": null,
              "date": null,
              "label": null,
              "merge": false
            }
          },
          {
            "filename": null,
            "line": 7,
            "meta": [],
            "account": "Assets:US:Vanguard:RGAGX",
            "flag": null,
            "units": {
              "number": "4.947",
              "currency": "TEST"
            },
            "price": null,
            "cost": {
              "number_per": "1",
              "number_total": "100",
              "currency": "USD",
              "date": null,
              "label": null,
              "merge": false
            }
          },
          {
            "filename": null,
            "line": 8,
            "meta": [],
            "account": "Assets:US:Vanguard:RGAGX",
            "flag": null,
            "units": {
              "number": "4.947",
              "currency": "TEST"
            },
            "price": {
              "number": "10",
              "currency": "USD"
            },
            "cost": {
              "number_per": "1",
              "number_total": "100",
              "currency": "USD",
              "date": null,
              "label": null,
              "merge": false
            }
          },
          {
            "filename": null,
            "line": 9,
            "meta": [],
            "account": "Assets:US:Vanguard:RGAGX",
            "flag": null,
            "units": {
              "number": "4.947",
              "currency": "TEST"
            },
            "price": {
              "number": "2.0214271275520517485344653325",
              "currency": "USD"
            },
            "cost": {
              "number_per": "1",
              "number_total": "100",
              "currency": "USD",
              "date": null,
              "label": null,
              "merge": false
            }
          },
          {
            "filename": null,
            "line": 10,
            "meta": [],
            "account": "Assets:US:Vanguard:Cash",
            "flag": null,
            "units": {
              "number": "-359.94",
              "currency": "USD"
            },
            "price": null,
            "cost": null
          }
        ]
      }
    },
    {
      "Transaction": {
        "header": {
          "date": "2022-01-21",
          "meta": [
            {
              "key": "info",
              "value": {
                "String": "Some metadata"
              }
            }
          ],
          "tags": [
            "tag",
            "another-tag"
          ],
          "links": [
            "link"
          ],
          "filename": null,
          "line": 12
        },
        "flag": "*",
        "payee": "payee",
        "narration": "narration",
        "postings": [
          {
            "filename": null,
            "line": 14,
            "meta": [
              {
                "key": "posting_meta",
                "value": {
                  "String": "testetss"
                }
              }
            ],
            "account": "Assets:US:Vanguard:Cash",
            "flag": null,
            "units": {
              "number": "600.00",
              "currency": "USD"
            },
            "price": null,
            "cost": null
          },
          {
            "filename": null,
            "line": 16,
            "meta": [],
            "account": "Income:US:Hooli:Match401k",
            "flag": null,
            "units": {
              "number": "-600.00",
              "currency": "USD"
            },
            "price": null,
            "cost": null
          }
        ]
      }
    },
    {
      "Transaction": {
        "header": {
          "date": "2022-01-21",
          "meta": [
            {
              "key": "asdf",
              "value": {
                "String": "asdf"
              }
            },
            {
              "key": "info",
              "value": {
                "String": "Some metadata"
              }
            }
          ],
          "tags": [
            "tag"
          ],
          "links": [],
          "filename": null,
          "line": 21
        },
        "flag": "*",
        "payee": null,
        "narration": "narration",
        "postings": [
          {
            "filename": null,
            "line": 23,
            "meta": [],
            "account": "Assets:US:Vanguard:Cash",
            "flag": null,
            "units": {
              "number": "600.00",
              "currency": "USD"
            },
            "price": {
              "number": null,
              "currency": "EUR"
            },
            "cost": null
          },
          {
            "filename": null,
            "line": 24,
            "meta": [],
            "account": "Income:US:Hooli:Match401k",
            "flag": "!",
            "units": {
              "number": "-400.00",
              "currency": "EUR"
            },
            "price": null,
            "cost": null
          }
        ]
      }
    },
    {
      "Transaction": {
        "header": {
          "date": "2022-01-21",
          "meta": [
            {
              "key": "info",
              "value": {
                "String": "Some metadata"
              }
            }
          ],
          "tags": [],
          "links": [],
          "filename": null,
          "line": 29
        },
        "flag": "*",
        "payee": null,
        "narration": "narration",
        "postings": [
          {
            "filename": null,
            "line": 31,
            "meta": [],
            "account": "Assets:US:Vanguard:Cash",
            "flag": null,
            "units": {
              "number": "600.00",
              "currency": "USD"
            },
            "price": {
              "number": "0.6666666666666666666666666667",
              "currency": "EUR"
            },
            "cost": null
          },
          {
            "filename": null,
            "line": 32,
            "meta": [],
            "account": "Income:US:Hooli:Match401k",
            "flag": "!",
            "units": {
              "number": "-400.00",
              "currency": "EUR"
            },
            "price": null,
            "cost": null
          }
        ]
      }
    }
  ],
  "errors": [],
  "directives": []
}
