---
source: src/parse/tests.rs
expression: "super::parse_string(&input, &dummy_filename.clone())"
input_file: src/parse/test_inputs/misc_entries.beancount
---
{
  "entries": [
    {
      "t": "Open",
      "meta": {
        "filename": "<string>",
        "lineno": 1
      },
      "date": "2000-01-01",
      "tags": [],
      "links": [],
      "account": "Assets:Cash",
      "currencies": [
        "EUR"
      ],
      "booking": null
    },
    {
      "t": "Open",
      "meta": {
        "filename": "<string>",
        "lineno": 2,
        "name": "Some account name"
      },
      "date": "2000-01-01",
      "tags": [],
      "links": [],
      "account": "Equity:OpeningBalances",
      "currencies": [
        "EUR"
      ],
      "booking": null
    },
    {
      "t": "Pad",
      "meta": {
        "filename": "<string>",
        "lineno": 5,
        "number": "20.00"
      },
      "date": "2001-01-01",
      "tags": [],
      "links": [],
      "account": "Assets:Cash",
      "source_account": "Equity:OpeningBalances"
    },
    {
      "t": "Balance",
      "meta": {
        "filename": "<string>",
        "lineno": 8
      },
      "date": "2001-01-01",
      "tags": [],
      "links": [],
      "account": "Assets:Cash",
      "amount": {
        "number": "1.00",
        "currency": "EUR"
      },
      "tolerance": null
    },
    {
      "t": "Query",
      "meta": {
        "filename": "<string>",
        "lineno": 10
      },
      "date": "2002-01-01",
      "tags": [],
      "links": [],
      "name": "query all entries",
      "query_string": "journal"
    },
    {
      "t": "Custom",
      "meta": {
        "filename": "<string>",
        "lineno": 12
      },
      "date": "2000-01-01",
      "tags": [],
      "links": [],
      "type": "string",
      "values": [
        "Assets:Cash",
        false,
        true,
        "20.00",
        {
          "number": "200.00",
          "currency": "EUR"
        }
      ]
    },
    {
      "t": "Note",
      "meta": {
        "filename": "<string>",
        "lineno": 14
      },
      "date": "2002-01-01",
      "tags": [],
      "links": [],
      "account": "Assets:Cash",
      "comment": "string with escape\""
    }
  ],
  "errors": [],
  "directives": []
}
