---
source: src/parse/tests.rs
expression: "super::parse_string(&input, &dummy_filename.clone())"
input_file: src/parse/test_inputs/directives.beancount
---
{
  "entries": [],
  "errors": [],
  "directives": [
    {
      "Option": {
        "filename": "<string>",
        "line": 1,
        "key": "name",
        "value": "file name"
      }
    },
    {
      "Option": {
        "filename": "<string>",
        "line": 3,
        "key": "name_assets",
        "value": "AssetsRootAccount"
      }
    },
    {
      "Include": {
        "pattern": "./transactions.beancount"
      }
    },
    {
      "Plugin": {
        "name": "beancount.plugins.implicit_prices",
        "config": null
      }
    },
    {
      "Plugin": {
        "name": "another_plugin",
        "config": "with_config"
      }
    }
  ]
}
