---
source: src/parse/tests.rs
expression: "super::parse_string(&input, &dummy_filename.clone())"
input_file: src/parse/test_inputs/errors.beancount
---
{
  "entries": [
    {
      "t": "Open",
      "meta": {
        "filename": "<string>",
        "lineno": 2
      },
      "date": "2000-01-01",
      "tags": [],
      "links": [],
      "account": "Assets:Cash",
      "currencies": [
        "EUR"
      ],
      "booking": null
    },
    {
      "t": "RawTransaction",
      "meta": {
        "filename": "<string>",
        "lineno": 9
      },
      "date": "2022-01-21",
      "tags": [],
      "links": [],
      "flag": "*",
      "payee": null,
      "narration": "valid syntax",
      "postings": [
        {
          "meta": {
            "filename": "<string>",
            "lineno": 10
          },
          "account": "Income:US:Hooli:Match401k",
          "flag": null,
          "units": {
            "number": "-600.00",
            "currency": "USD"
          },
          "price": null,
          "cost": null
        }
      ]
    }
  ],
  "errors": [
    {
      "filename": "<string>",
      "lineno": 1,
      "message": "Invalid booking method: INVALIDBOOKINGMETHOD",
      "entry": null
    },
    {
      "filename": "<string>",
      "lineno": 4,
      "message": "Invalid document filename: String is no valid file path: '<string>'",
      "entry": null
    },
    {
      "filename": "<string>",
      "lineno": 6,
      "message": "Invalid syntax: (transaction date: (date) flag: (flag) narration: (string) postings: (postings (posting account: (account) amount: (amount number: (unary_num_expr (number)) currency: (currency)))) (ERROR (currency) (currency)))",
      "entry": null
    }
  ],
  "directives": []
}
