---
source: src/parse/tests.rs
expression: parse_string(&input)
input_file: src/parse/test_inputs/errors.beancount
---
ParsedFile {
    entries: [
        Open(
            Open {
                header: EntryHeader {
                    date: Date(
                        "2000-01-01",
                    ),
                    meta: [],
                    tags: TagsLinks(
                        [],
                    ),
                    links: TagsLinks(
                        [],
                    ),
                    filename: None,
                    line: 2,
                },
                account: Account(
                    "Assets:Cash",
                ),
                currencies: [
                    Currency(
                        "EUR",
                    ),
                ],
                booking: None,
            },
        ),
    ],
    errors: [
        UroError {
            filename: None,
            line: Some(
                1,
            ),
            message: "Invalid booking method: INVALIDBOOKINGMETHOD",
        },
        UroError {
            filename: None,
            line: Some(
                4,
            ),
            message: "Invalid syntax: (transaction date: (date) flag: (flag) narration: (string) postings: (postings (posting account: (account) amount: (amount number: (unary_num_expr (number)) currency: (currency)))) (MISSING \"_skipped_lines_token3\"))",
        },
    ],
    directives: [],
}
