---
source: src/parse/tests.rs
expression: "super::parse_string(&input, &dummy_filename.clone())"
input_file: src/parse/test_inputs/transactions.beancount
---
{
  "entries": [
    {
      "t": "RawTransaction",
      "meta": {
        "filename": "<string>",
        "lineno": 1
      },
      "date": "2022-01-10",
      "tags": [],
      "links": [],
      "flag": "*",
      "payee": null,
      "narration": "Investing 60% of cash in RGAGX",
      "postings": [
        {
          "meta": {
            "filename": "<string>",
            "lineno": 2
          },
          "account": "Assets:US:Vanguard:RGAGX",
          "flag": null,
          "units": {
            "number": "4.947",
            "currency": "RGAGX"
          },
          "price": null,
          "cost": {
            "number_per": "72.76",
            "number_total": null,
            "currency": "USD",
            "date": "2022-01-10",
            "label": null,
            "merge": false
          }
        },
        {
          "meta": {
            "filename": "<string>",
            "lineno": 3
          },
          "account": "Assets:US:Vanguard:RGAGX",
          "flag": null,
          "units": {
            "number": "4.947",
            "currency": "TEST"
          },
          "price": null,
          "cost": {
            "number_per": null,
            "number_total": null,
            "currency": null,
            "date": null,
            "label": null,
            "merge": true
          }
        },
        {
          "meta": {
            "filename": "<string>",
            "lineno": 4
          },
          "account": "Assets:US:Vanguard:RGAGX",
          "flag": null,
          "units": {
            "number": "4.947",
            "currency": "TEST"
          },
          "price": null,
          "cost": {
            "number_per": "20.00",
            "number_total": "100",
            "currency": "USD",
            "date": null,
            "label": null,
            "merge": false
          }
        },
        {
          "meta": {
            "filename": "<string>",
            "lineno": 5
          },
          "account": "Assets:US:Vanguard:RGAGX",
          "flag": null,
          "units": {
            "number": "4.947",
            "currency": "TEST"
          },
          "price": null,
          "cost": {
            "number_per": "20.00",
            "number_total": "100",
            "currency": "USD",
            "date": null,
            "label": "cost-label",
            "merge": false
          }
        },
        {
          "meta": {
            "filename": "<string>",
            "lineno": 6
          },
          "account": "Assets:US:Vanguard:RGAGX",
          "flag": null,
          "units": {
            "number": "4.947",
            "currency": "TEST"
          },
          "price": null,
          "cost": {
            "number_per": null,
            "number_total": null,
            "currency": null,
            "date": null,
            "label": null,
            "merge": false
          }
        },
        {
          "meta": {
            "filename": "<string>",
            "lineno": 7
          },
          "account": "Assets:US:Vanguard:RGAGX",
          "flag": null,
          "units": {
            "number": "4.947",
            "currency": "TEST"
          },
          "price": null,
          "cost": {
            "number_per": "1",
            "number_total": "100",
            "currency": "USD",
            "date": null,
            "label": null,
            "merge": false
          }
        },
        {
          "meta": {
            "filename": "<string>",
            "lineno": 8
          },
          "account": "Assets:US:Vanguard:RGAGX",
          "flag": null,
          "units": {
            "number": "4.947",
            "currency": "TEST"
          },
          "price": {
            "number": "10",
            "currency": "USD"
          },
          "cost": {
            "number_per": "1",
            "number_total": "100",
            "currency": "USD",
            "date": null,
            "label": null,
            "merge": false
          }
        },
        {
          "meta": {
            "filename": "<string>",
            "lineno": 9
          },
          "account": "Assets:US:Vanguard:RGAGX",
          "flag": null,
          "units": {
            "number": "4.947",
            "currency": "TEST"
          },
          "price": {
            "number": "2.0214271275520517485344653325",
            "currency": "USD"
          },
          "cost": {
            "number_per": "1",
            "number_total": "100",
            "currency": "USD",
            "date": null,
            "label": null,
            "merge": false
          }
        },
        {
          "meta": {
            "filename": "<string>",
            "lineno": 10
          },
          "account": "Assets:US:Vanguard:Cash",
          "flag": null,
          "units": {
            "number": "-359.94",
            "currency": "USD"
          },
          "price": null,
          "cost": null
        }
      ]
    },
    {
      "t": "RawTransaction",
      "meta": {
        "filename": "<string>",
        "lineno": 12,
        "info": "Some metadata"
      },
      "date": "2022-01-21",
      "tags": [
        "tag",
        "another-tag"
      ],
      "links": [
        "link"
      ],
      "flag": "*",
      "payee": "payee",
      "narration": "narration",
      "postings": [
        {
          "meta": {
            "filename": "<string>",
            "lineno": 14,
            "posting_meta": "testetss"
          },
          "account": "Assets:US:Vanguard:Cash",
          "flag": null,
          "units": {
            "number": "600.00",
            "currency": "USD"
          },
          "price": null,
          "cost": null
        },
        {
          "meta": {
            "filename": "<string>",
            "lineno": 16
          },
          "account": "Income:US:Hooli:Match401k",
          "flag": null,
          "units": {
            "number": "-600.00",
            "currency": "USD"
          },
          "price": null,
          "cost": null
        }
      ]
    },
    {
      "t": "RawTransaction",
      "meta": {
        "filename": "<string>",
        "lineno": 21,
        "asdf": "asdf",
        "info": "Some metadata"
      },
      "date": "2022-01-21",
      "tags": [
        "tag"
      ],
      "links": [],
      "flag": "*",
      "payee": null,
      "narration": "narration",
      "postings": [
        {
          "meta": {
            "filename": "<string>",
            "lineno": 23
          },
          "account": "Assets:US:Vanguard:Cash",
          "flag": null,
          "units": {
            "number": "600.00",
            "currency": "USD"
          },
          "price": {
            "number": null,
            "currency": "EUR"
          },
          "cost": null
        },
        {
          "meta": {
            "filename": "<string>",
            "lineno": 24
          },
          "account": "Income:US:Hooli:Match401k",
          "flag": "!",
          "units": {
            "number": "-400.00",
            "currency": "EUR"
          },
          "price": null,
          "cost": null
        }
      ]
    },
    {
      "t": "RawTransaction",
      "meta": {
        "filename": "<string>",
        "lineno": 29,
        "info": "Some metadata"
      },
      "date": "2022-01-21",
      "tags": [],
      "links": [],
      "flag": "*",
      "payee": null,
      "narration": "narration",
      "postings": [
        {
          "meta": {
            "filename": "<string>",
            "lineno": 31
          },
          "account": "Assets:US:Vanguard:Cash",
          "flag": null,
          "units": {
            "number": "600.00",
            "currency": "USD"
          },
          "price": {
            "number": "0.6666666666666666666666666667",
            "currency": "EUR"
          },
          "cost": null
        },
        {
          "meta": {
            "filename": "<string>",
            "lineno": 32
          },
          "account": "Income:US:Hooli:Match401k",
          "flag": "!",
          "units": {
            "number": "-400.00",
            "currency": "EUR"
          },
          "price": null,
          "cost": null
        }
      ]
    }
  ],
  "errors": [],
  "directives": []
}
