---
source: tests/load_test.rs
expression: ledger
---
{
  "filename": "[REPO_DIR]/tests/ledgers/invalid-input.beancount",
  "entries": [
    {
      "t": "Open",
      "meta": {
        "filename": "[REPO_DIR]/tests/ledgers/invalid-input.beancount",
        "lineno": 6
      },
      "date": "2000-01-01",
      "tags": [],
      "links": [],
      "account": "Assets:Account2",
      "currencies": [],
      "booking": null
    },
    {
      "t": "Open",
      "meta": {
        "filename": "[REPO_DIR]/tests/ledgers/invalid-input.beancount",
        "lineno": 10
      },
      "date": "2000-01-01",
      "tags": [],
      "links": [],
      "account": "Assets:Account3",
      "currencies": [],
      "booking": null
    },
    {
      "t": "Open",
      "meta": {
        "filename": "[REPO_DIR]/tests/ledgers/invalid-input.beancount",
        "lineno": 15
      },
      "date": "2000-01-01",
      "tags": [],
      "links": [],
      "account": "Assets:DuplBalance",
      "currencies": [],
      "booking": null
    },
    {
      "t": "Open",
      "meta": {
        "filename": "[REPO_DIR]/tests/ledgers/invalid-input.beancount",
        "lineno": 20
      },
      "date": "2000-01-01",
      "tags": [],
      "links": [],
      "account": "Assets:DuplBalance1",
      "currencies": [],
      "booking": null
    },
    {
      "t": "Open",
      "meta": {
        "filename": "[REPO_DIR]/tests/ledgers/invalid-input.beancount",
        "lineno": 25
      },
      "date": "2000-01-01",
      "tags": [],
      "links": [],
      "account": "Assets:DuplBalance2",
      "currencies": [],
      "booking": null
    },
    {
      "t": "Open",
      "meta": {
        "filename": "[REPO_DIR]/tests/ledgers/invalid-input.beancount",
        "lineno": 34
      },
      "date": "2000-01-01",
      "tags": [],
      "links": [],
      "account": "Assets:Inactive",
      "currencies": [],
      "booking": null
    },
    {
      "t": "Commodity",
      "meta": {
        "filename": "[REPO_DIR]/tests/ledgers/invalid-input.beancount",
        "lineno": 30
      },
      "date": "2000-01-01",
      "tags": [],
      "links": [],
      "currency": "EUR"
    },
    {
      "t": "Close",
      "meta": {
        "filename": "[REPO_DIR]/tests/ledgers/invalid-input.beancount",
        "lineno": 2
      },
      "date": "2000-01-01",
      "tags": [],
      "links": [],
      "account": "Assets:Account1"
    },
    {
      "t": "Open",
      "meta": {
        "filename": "[REPO_DIR]/tests/ledgers/invalid-input.beancount",
        "lineno": 3
      },
      "date": "2000-01-02",
      "tags": [],
      "links": [],
      "account": "Assets:Account1",
      "currencies": [],
      "booking": null
    },
    {
      "t": "Open",
      "meta": {
        "filename": "[REPO_DIR]/tests/ledgers/invalid-input.beancount",
        "lineno": 7
      },
      "date": "2000-01-02",
      "tags": [],
      "links": [],
      "account": "Assets:Account2",
      "currencies": [],
      "booking": null
    },
    {
      "t": "Open",
      "meta": {
        "filename": "[REPO_DIR]/tests/ledgers/invalid-input.beancount",
        "lineno": 44
      },
      "date": "2000-01-02",
      "tags": [],
      "links": [],
      "account": "NotARoot:Unknown",
      "currencies": [],
      "booking": null
    },
    {
      "t": "Balance",
      "meta": {
        "filename": "[REPO_DIR]/tests/ledgers/invalid-input.beancount",
        "lineno": 16
      },
      "date": "2000-01-02",
      "tags": [],
      "links": [],
      "account": "Assets:DuplBalance",
      "amount": {
        "number": "10",
        "currency": "EUR"
      },
      "tolerance": null
    },
    {
      "t": "Balance",
      "meta": {
        "filename": "[REPO_DIR]/tests/ledgers/invalid-input.beancount",
        "lineno": 17
      },
      "date": "2000-01-02",
      "tags": [],
      "links": [],
      "account": "Assets:DuplBalance",
      "amount": {
        "number": "10",
        "currency": "EUR"
      },
      "tolerance": null
    },
    {
      "t": "Balance",
      "meta": {
        "filename": "[REPO_DIR]/tests/ledgers/invalid-input.beancount",
        "lineno": 21
      },
      "date": "2000-01-02",
      "tags": [],
      "links": [],
      "account": "Assets:DuplBalance1",
      "amount": {
        "number": "10",
        "currency": "EUR"
      },
      "tolerance": null
    },
    {
      "t": "Balance",
      "meta": {
        "filename": "[REPO_DIR]/tests/ledgers/invalid-input.beancount",
        "lineno": 22
      },
      "date": "2000-01-02",
      "tags": [],
      "links": [],
      "account": "Assets:DuplBalance1",
      "amount": {
        "number": "10",
        "currency": "USD"
      },
      "tolerance": null
    },
    {
      "t": "Balance",
      "meta": {
        "filename": "[REPO_DIR]/tests/ledgers/invalid-input.beancount",
        "lineno": 26
      },
      "date": "2000-01-02",
      "tags": [],
      "links": [],
      "account": "Assets:DuplBalance2",
      "amount": {
        "number": "10",
        "currency": "EUR"
      },
      "tolerance": null
    },
    {
      "t": "Balance",
      "meta": {
        "filename": "[REPO_DIR]/tests/ledgers/invalid-input.beancount",
        "lineno": 27
      },
      "date": "2000-01-02",
      "tags": [],
      "links": [],
      "account": "Assets:DuplBalance2",
      "amount": {
        "number": "11",
        "currency": "EUR"
      },
      "tolerance": null
    },
    {
      "t": "Commodity",
      "meta": {
        "filename": "[REPO_DIR]/tests/ledgers/invalid-input.beancount",
        "lineno": 31
      },
      "date": "2000-01-02",
      "tags": [],
      "links": [],
      "currency": "EUR"
    },
    {
      "t": "Note",
      "meta": {
        "filename": "[REPO_DIR]/tests/ledgers/invalid-input.beancount",
        "lineno": 41
      },
      "date": "2000-01-02",
      "tags": [],
      "links": [],
      "account": "Assets:Unknown",
      "comment": "note"
    },
    {
      "t": "Close",
      "meta": {
        "filename": "[REPO_DIR]/tests/ledgers/invalid-input.beancount",
        "lineno": 11
      },
      "date": "2000-01-02",
      "tags": [],
      "links": [],
      "account": "Assets:Account3"
    },
    {
      "t": "Close",
      "meta": {
        "filename": "[REPO_DIR]/tests/ledgers/invalid-input.beancount",
        "lineno": 35
      },
      "date": "2000-01-02",
      "tags": [],
      "links": [],
      "account": "Assets:Inactive"
    },
    {
      "t": "Transaction",
      "meta": {
        "filename": "[REPO_DIR]/tests/ledgers/invalid-input.beancount",
        "lineno": 36
      },
      "date": "2000-01-03",
      "tags": [],
      "links": [],
      "flag": "*",
      "payee": null,
      "narration": "",
      "postings": [
        {
          "meta": {
            "filename": "[REPO_DIR]/tests/ledgers/invalid-input.beancount",
            "lineno": 37
          },
          "account": "Assets:Inactive",
          "units": {
            "number": "10",
            "currency": "EUR"
          },
          "price": null,
          "cost": null,
          "flag": null
        },
        {
          "meta": {
            "filename": "[REPO_DIR]/tests/ledgers/invalid-input.beancount",
            "lineno": 38
          },
          "account": "Assets:Inactive",
          "units": {
            "number": "-10",
            "currency": "EUR"
          },
          "price": null,
          "cost": null,
          "flag": null
        }
      ]
    },
    {
      "t": "Close",
      "meta": {
        "filename": "[REPO_DIR]/tests/ledgers/invalid-input.beancount",
        "lineno": 12
      },
      "date": "2000-01-03",
      "tags": [],
      "links": [],
      "account": "Assets:Account3"
    }
  ],
  "errors": [
    {
      "filename": null,
      "lineno": null,
      "message": "Invalid account name 'NotARoot:Unknown' (invalid root account).",
      "entry": null
    },
    {
      "filename": "[REPO_DIR]/tests/ledgers/invalid-input.beancount",
      "lineno": 2,
      "message": "Closing unopened account Assets:Account1.",
      "entry": {
        "t": "Close",
        "meta": {
          "filename": "[REPO_DIR]/tests/ledgers/invalid-input.beancount",
          "lineno": 2
        },
        "date": "2000-01-01",
        "tags": [],
        "links": [],
        "account": "Assets:Account1"
      }
    },
    {
      "filename": "[REPO_DIR]/tests/ledgers/invalid-input.beancount",
      "lineno": 7,
      "message": "Duplicate open directive for account Assets:Account2.",
      "entry": {
        "t": "Open",
        "meta": {
          "filename": "[REPO_DIR]/tests/ledgers/invalid-input.beancount",
          "lineno": 7
        },
        "date": "2000-01-02",
        "tags": [],
        "links": [],
        "account": "Assets:Account2",
        "currencies": [],
        "booking": null
      }
    },
    {
      "filename": "[REPO_DIR]/tests/ledgers/invalid-input.beancount",
      "lineno": 12,
      "message": "Duplicate close directive for account Assets:Account3.",
      "entry": {
        "t": "Close",
        "meta": {
          "filename": "[REPO_DIR]/tests/ledgers/invalid-input.beancount",
          "lineno": 12
        },
        "date": "2000-01-03",
        "tags": [],
        "links": [],
        "account": "Assets:Account3"
      }
    },
    {
      "filename": "[REPO_DIR]/tests/ledgers/invalid-input.beancount",
      "lineno": 27,
      "message": "Duplicate balance assertions with different amounts.",
      "entry": {
        "t": "Balance",
        "meta": {
          "filename": "[REPO_DIR]/tests/ledgers/invalid-input.beancount",
          "lineno": 27
        },
        "date": "2000-01-02",
        "tags": [],
        "links": [],
        "account": "Assets:DuplBalance2",
        "amount": {
          "number": "11",
          "currency": "EUR"
        },
        "tolerance": null
      }
    },
    {
      "filename": "[REPO_DIR]/tests/ledgers/invalid-input.beancount",
      "lineno": 31,
      "message": "Duplicate commodity directive for EUR.",
      "entry": {
        "t": "Commodity",
        "meta": {
          "filename": "[REPO_DIR]/tests/ledgers/invalid-input.beancount",
          "lineno": 31
        },
        "date": "2000-01-02",
        "tags": [],
        "links": [],
        "currency": "EUR"
      }
    },
    {
      "filename": "[REPO_DIR]/tests/ledgers/invalid-input.beancount",
      "lineno": 41,
      "message": "Invalid reference to unknown account Assets:Unknown.",
      "entry": {
        "t": "Note",
        "meta": {
          "filename": "[REPO_DIR]/tests/ledgers/invalid-input.beancount",
          "lineno": 41
        },
        "date": "2000-01-02",
        "tags": [],
        "links": [],
        "account": "Assets:Unknown",
        "comment": "note"
      }
    },
    {
      "filename": "[REPO_DIR]/tests/ledgers/invalid-input.beancount",
      "lineno": 36,
      "message": "Invalid reference to inactive account Assets:Inactive.",
      "entry": {
        "t": "Transaction",
        "meta": {
          "filename": "[REPO_DIR]/tests/ledgers/invalid-input.beancount",
          "lineno": 36
        },
        "date": "2000-01-03",
        "tags": [],
        "links": [],
        "flag": "*",
        "payee": null,
        "narration": "",
        "postings": [
          {
            "meta": {
              "filename": "[REPO_DIR]/tests/ledgers/invalid-input.beancount",
              "lineno": 37
            },
            "account": "Assets:Inactive",
            "units": {
              "number": "10",
              "currency": "EUR"
            },
            "price": null,
            "cost": null,
            "flag": null
          },
          {
            "meta": {
              "filename": "[REPO_DIR]/tests/ledgers/invalid-input.beancount",
              "lineno": 38
            },
            "account": "Assets:Inactive",
            "units": {
              "number": "-10",
              "currency": "EUR"
            },
            "price": null,
            "cost": null,
            "flag": null
          }
        ]
      }
    },
    {
      "filename": "[REPO_DIR]/tests/ledgers/invalid-input.beancount",
      "lineno": 36,
      "message": "Invalid reference to inactive account Assets:Inactive.",
      "entry": {
        "t": "Transaction",
        "meta": {
          "filename": "[REPO_DIR]/tests/ledgers/invalid-input.beancount",
          "lineno": 36
        },
        "date": "2000-01-03",
        "tags": [],
        "links": [],
        "flag": "*",
        "payee": null,
        "narration": "",
        "postings": [
          {
            "meta": {
              "filename": "[REPO_DIR]/tests/ledgers/invalid-input.beancount",
              "lineno": 37
            },
            "account": "Assets:Inactive",
            "units": {
              "number": "10",
              "currency": "EUR"
            },
            "price": null,
            "cost": null,
            "flag": null
          },
          {
            "meta": {
              "filename": "[REPO_DIR]/tests/ledgers/invalid-input.beancount",
              "lineno": 38
            },
            "account": "Assets:Inactive",
            "units": {
              "number": "-10",
              "currency": "EUR"
            },
            "price": null,
            "cost": null,
            "flag": null
          }
        ]
      }
    },
    {
      "filename": "[REPO_DIR]/tests/ledgers/invalid-input.beancount",
      "lineno": 16,
      "message": "Balance failed for 'Assets:DuplBalance': expected 10 EUR != accumulated 0 EUR (10 too little)",
      "entry": {
        "t": "Balance",
        "meta": {
          "filename": "[REPO_DIR]/tests/ledgers/invalid-input.beancount",
          "lineno": 16
        },
        "date": "2000-01-02",
        "tags": [],
        "links": [],
        "account": "Assets:DuplBalance",
        "amount": {
          "number": "10",
          "currency": "EUR"
        },
        "tolerance": null
      }
    },
    {
      "filename": "[REPO_DIR]/tests/ledgers/invalid-input.beancount",
      "lineno": 17,
      "message": "Balance failed for 'Assets:DuplBalance': expected 10 EUR != accumulated 0 EUR (10 too little)",
      "entry": {
        "t": "Balance",
        "meta": {
          "filename": "[REPO_DIR]/tests/ledgers/invalid-input.beancount",
          "lineno": 17
        },
        "date": "2000-01-02",
        "tags": [],
        "links": [],
        "account": "Assets:DuplBalance",
        "amount": {
          "number": "10",
          "currency": "EUR"
        },
        "tolerance": null
      }
    },
    {
      "filename": "[REPO_DIR]/tests/ledgers/invalid-input.beancount",
      "lineno": 21,
      "message": "Balance failed for 'Assets:DuplBalance1': expected 10 EUR != accumulated 0 EUR (10 too little)",
      "entry": {
        "t": "Balance",
        "meta": {
          "filename": "[REPO_DIR]/tests/ledgers/invalid-input.beancount",
          "lineno": 21
        },
        "date": "2000-01-02",
        "tags": [],
        "links": [],
        "account": "Assets:DuplBalance1",
        "amount": {
          "number": "10",
          "currency": "EUR"
        },
        "tolerance": null
      }
    },
    {
      "filename": "[REPO_DIR]/tests/ledgers/invalid-input.beancount",
      "lineno": 22,
      "message": "Balance failed for 'Assets:DuplBalance1': expected 10 USD != accumulated 0 USD (10 too little)",
      "entry": {
        "t": "Balance",
        "meta": {
          "filename": "[REPO_DIR]/tests/ledgers/invalid-input.beancount",
          "lineno": 22
        },
        "date": "2000-01-02",
        "tags": [],
        "links": [],
        "account": "Assets:DuplBalance1",
        "amount": {
          "number": "10",
          "currency": "USD"
        },
        "tolerance": null
      }
    },
    {
      "filename": "[REPO_DIR]/tests/ledgers/invalid-input.beancount",
      "lineno": 26,
      "message": "Balance failed for 'Assets:DuplBalance2': expected 10 EUR != accumulated 0 EUR (10 too little)",
      "entry": {
        "t": "Balance",
        "meta": {
          "filename": "[REPO_DIR]/tests/ledgers/invalid-input.beancount",
          "lineno": 26
        },
        "date": "2000-01-02",
        "tags": [],
        "links": [],
        "account": "Assets:DuplBalance2",
        "amount": {
          "number": "10",
          "currency": "EUR"
        },
        "tolerance": null
      }
    },
    {
      "filename": "[REPO_DIR]/tests/ledgers/invalid-input.beancount",
      "lineno": 27,
      "message": "Balance failed for 'Assets:DuplBalance2': expected 11 EUR != accumulated 0 EUR (11 too little)",
      "entry": {
        "t": "Balance",
        "meta": {
          "filename": "[REPO_DIR]/tests/ledgers/invalid-input.beancount",
          "lineno": 27
        },
        "date": "2000-01-02",
        "tags": [],
        "links": [],
        "account": "Assets:DuplBalance2",
        "amount": {
          "number": "11",
          "currency": "EUR"
        },
        "tolerance": null
      }
    }
  ],
  "options": {
    "title": "",
    "root_accounts": {
      "assets": "Assets",
      "liabilities": "Liabilities",
      "equity": "Equity",
      "income": "Income",
      "expenses": "Expenses"
    },
    "account_current_conversions": "Conversions:Current",
    "account_current_earnings": "Earnings:Current",
    "account_previous_balances": "Opening-Balances",
    "account_previous_conversions": "Conversions:Previous",
    "account_previous_earnings": "Earnings:Previous",
    "render_commas": false,
    "operating_currency": [],
    "conversion_currency": "NOTHING",
    "documents": [],
    "booking_method": "Strict",
    "inferred_tolerance_default": {
      "map": {},
      "default": "0"
    },
    "inferred_tolerance_multiplier": "0.5",
    "insert_pythonpath": false,
    "display_precisions": {
      "EUR": {
        "has_sign": true,
        "max": 0,
        "common": 0
      },
      "USD": {
        "has_sign": false,
        "max": 0,
        "common": 0
      }
    }
  },
  "includes": [
    "[REPO_DIR]/tests/ledgers/invalid-input.beancount"
  ],
  "plugins": []
}
