---
source: tests/load_test.rs
expression: ledger
---
{
  "filename": "[REPO_DIR]/tests/ledgers/short-example.beancount",
  "entries": [
    {
      "t": "Commodity",
      "meta": {
        "filename": "[REPO_DIR]/tests/ledgers/short-example.beancount",
        "lineno": 9,
        "name": "US Dollar"
      },
      "date": "1792-01-01",
      "tags": [],
      "links": [],
      "currency": "USD"
    },
    {
      "t": "Open",
      "meta": {
        "filename": "[REPO_DIR]/tests/ledgers/short-example.beancount",
        "lineno": 18
      },
      "date": "1980-05-12",
      "tags": [],
      "links": [],
      "account": "Equity:Opening-Balances",
      "currencies": [],
      "booking": null
    },
    {
      "t": "Open",
      "meta": {
        "filename": "[REPO_DIR]/tests/ledgers/short-example.beancount",
        "lineno": 19
      },
      "date": "1980-05-12",
      "tags": [],
      "links": [],
      "account": "Liabilities:AccountsPayable",
      "currencies": [],
      "booking": null
    },
    {
      "t": "Open",
      "meta": {
        "filename": "[REPO_DIR]/tests/ledgers/short-example.beancount",
        "lineno": 22
      },
      "date": "1980-05-12",
      "tags": [],
      "links": [],
      "account": "Expenses:Food:Groceries",
      "currencies": [],
      "booking": null
    },
    {
      "t": "Open",
      "meta": {
        "filename": "[REPO_DIR]/tests/ledgers/short-example.beancount",
        "lineno": 23
      },
      "date": "1980-05-12",
      "tags": [],
      "links": [],
      "account": "Expenses:Food:Restaurant",
      "currencies": [],
      "booking": null
    },
    {
      "t": "Open",
      "meta": {
        "filename": "[REPO_DIR]/tests/ledgers/short-example.beancount",
        "lineno": 24
      },
      "date": "1980-05-12",
      "tags": [],
      "links": [],
      "account": "Expenses:Food:Coffee",
      "currencies": [],
      "booking": null
    },
    {
      "t": "Open",
      "meta": {
        "filename": "[REPO_DIR]/tests/ledgers/short-example.beancount",
        "lineno": 25
      },
      "date": "1980-05-12",
      "tags": [],
      "links": [],
      "account": "Expenses:Food:Alcohol",
      "currencies": [],
      "booking": null
    },
    {
      "t": "Open",
      "meta": {
        "filename": "[REPO_DIR]/tests/ledgers/short-example.beancount",
        "lineno": 26
      },
      "date": "1980-05-12",
      "tags": [],
      "links": [],
      "account": "Expenses:Transport:Tram",
      "currencies": [],
      "booking": null
    },
    {
      "t": "Open",
      "meta": {
        "filename": "[REPO_DIR]/tests/ledgers/short-example.beancount",
        "lineno": 27
      },
      "date": "1980-05-12",
      "tags": [],
      "links": [],
      "account": "Expenses:Home:Rent",
      "currencies": [],
      "booking": null
    },
    {
      "t": "Open",
      "meta": {
        "filename": "[REPO_DIR]/tests/ledgers/short-example.beancount",
        "lineno": 28
      },
      "date": "1980-05-12",
      "tags": [],
      "links": [],
      "account": "Expenses:Home:Electricity",
      "currencies": [],
      "booking": null
    },
    {
      "t": "Open",
      "meta": {
        "filename": "[REPO_DIR]/tests/ledgers/short-example.beancount",
        "lineno": 29
      },
      "date": "1980-05-12",
      "tags": [],
      "links": [],
      "account": "Expenses:Home:Internet",
      "currencies": [],
      "booking": null
    },
    {
      "t": "Open",
      "meta": {
        "filename": "[REPO_DIR]/tests/ledgers/short-example.beancount",
        "lineno": 30
      },
      "date": "1980-05-12",
      "tags": [],
      "links": [],
      "account": "Expenses:Home:Phone",
      "currencies": [],
      "booking": null
    },
    {
      "t": "Open",
      "meta": {
        "filename": "[REPO_DIR]/tests/ledgers/short-example.beancount",
        "lineno": 31
      },
      "date": "1980-05-12",
      "tags": [],
      "links": [],
      "account": "Expenses:Financial",
      "currencies": [],
      "booking": null
    },
    {
      "t": "Open",
      "meta": {
        "filename": "[REPO_DIR]/tests/ledgers/short-example.beancount",
        "lineno": 74
      },
      "date": "1980-05-12",
      "tags": [],
      "links": [],
      "account": "Liabilities:US:Chase:Slate",
      "currencies": [
        "USD"
      ],
      "booking": null
    },
    {
      "t": "Open",
      "meta": {
        "filename": "[REPO_DIR]/tests/ledgers/short-example.beancount",
        "lineno": 204
      },
      "date": "1980-05-12",
      "tags": [],
      "links": [],
      "account": "Income:US:Federal:PreTax401k",
      "currencies": [
        "IRAUSD"
      ],
      "booking": null
    },
    {
      "t": "Open",
      "meta": {
        "filename": "[REPO_DIR]/tests/ledgers/short-example.beancount",
        "lineno": 205
      },
      "date": "1980-05-12",
      "tags": [],
      "links": [],
      "account": "Assets:US:Federal:PreTax401k",
      "currencies": [
        "IRAUSD"
      ],
      "booking": null
    },
    {
      "t": "Commodity",
      "meta": {
        "filename": "[REPO_DIR]/tests/ledgers/short-example.beancount",
        "lineno": 12,
        "name": "Euro",
        "reference": "USD"
      },
      "date": "1999-01-01",
      "tags": [],
      "links": [],
      "currency": "EUR"
    },
    {
      "t": "Open",
      "meta": {
        "filename": "[REPO_DIR]/tests/ledgers/short-example.beancount",
        "lineno": 34,
        "address": "123 America Street, LargeTown, USA",
        "institution": "Bank of America",
        "phone": "+1.012.345.6789"
      },
      "date": "2022-01-01",
      "tags": [],
      "links": [],
      "account": "Assets:US:BofA",
      "currencies": [],
      "booking": null
    },
    {
      "t": "Open",
      "meta": {
        "filename": "[REPO_DIR]/tests/ledgers/short-example.beancount",
        "lineno": 38,
        "account": "00234-48574897"
      },
      "date": "2022-01-01",
      "tags": [],
      "links": [],
      "account": "Assets:US:BofA:Checking",
      "currencies": [
        "USD",
        "EUR"
      ],
      "booking": null
    },
    {
      "t": "Open",
      "meta": {
        "filename": "[REPO_DIR]/tests/ledgers/short-example.beancount",
        "lineno": 131
      },
      "date": "2022-01-01",
      "tags": [],
      "links": [],
      "account": "Assets:US:ETrade:Cash",
      "currencies": [
        "USD"
      ],
      "booking": null
    },
    {
      "t": "Open",
      "meta": {
        "filename": "[REPO_DIR]/tests/ledgers/short-example.beancount",
        "lineno": 132
      },
      "date": "2022-01-01",
      "tags": [],
      "links": [],
      "account": "Assets:US:ETrade:ITOT",
      "currencies": [
        "ITOT"
      ],
      "booking": null
    },
    {
      "t": "Open",
      "meta": {
        "filename": "[REPO_DIR]/tests/ledgers/short-example.beancount",
        "lineno": 133
      },
      "date": "2022-01-01",
      "tags": [],
      "links": [],
      "account": "Assets:US:ETrade:VEA",
      "currencies": [
        "VEA"
      ],
      "booking": null
    },
    {
      "t": "Open",
      "meta": {
        "filename": "[REPO_DIR]/tests/ledgers/short-example.beancount",
        "lineno": 134
      },
      "date": "2022-01-01",
      "tags": [],
      "links": [],
      "account": "Assets:US:ETrade:VHT",
      "currencies": [
        "VHT"
      ],
      "booking": null
    },
    {
      "t": "Open",
      "meta": {
        "filename": "[REPO_DIR]/tests/ledgers/short-example.beancount",
        "lineno": 135
      },
      "date": "2022-01-01",
      "tags": [],
      "links": [],
      "account": "Assets:US:ETrade:GLD",
      "currencies": [
        "GLD"
      ],
      "booking": null
    },
    {
      "t": "Open",
      "meta": {
        "filename": "[REPO_DIR]/tests/ledgers/short-example.beancount",
        "lineno": 136
      },
      "date": "2022-01-01",
      "tags": [],
      "links": [],
      "account": "Income:US:ETrade:PnL",
      "currencies": [
        "USD"
      ],
      "booking": null
    },
    {
      "t": "Open",
      "meta": {
        "filename": "[REPO_DIR]/tests/ledgers/short-example.beancount",
        "lineno": 137
      },
      "date": "2022-01-01",
      "tags": [],
      "links": [],
      "account": "Income:US:ETrade:ITOT:Dividend",
      "currencies": [
        "USD"
      ],
      "booking": null
    },
    {
      "t": "Open",
      "meta": {
        "filename": "[REPO_DIR]/tests/ledgers/short-example.beancount",
        "lineno": 138
      },
      "date": "2022-01-01",
      "tags": [],
      "links": [],
      "account": "Income:US:ETrade:VEA:Dividend",
      "currencies": [
        "USD"
      ],
      "booking": null
    },
    {
      "t": "Open",
      "meta": {
        "filename": "[REPO_DIR]/tests/ledgers/short-example.beancount",
        "lineno": 139
      },
      "date": "2022-01-01",
      "tags": [],
      "links": [],
      "account": "Income:US:ETrade:VHT:Dividend",
      "currencies": [
        "USD"
      ],
      "booking": null
    },
    {
      "t": "Open",
      "meta": {
        "filename": "[REPO_DIR]/tests/ledgers/short-example.beancount",
        "lineno": 140
      },
      "date": "2022-01-01",
      "tags": [],
      "links": [],
      "account": "Income:US:ETrade:GLD:Dividend",
      "currencies": [
        "USD"
      ],
      "booking": null
    },
    {
      "t": "Open",
      "meta": {
        "filename": "[REPO_DIR]/tests/ledgers/short-example.beancount",
        "lineno": 148
      },
      "date": "2022-01-01",
      "tags": [],
      "links": [],
      "account": "Income:US:Hooli:Salary",
      "currencies": [
        "USD"
      ],
      "booking": null
    },
    {
      "t": "Open",
      "meta": {
        "filename": "[REPO_DIR]/tests/ledgers/short-example.beancount",
        "lineno": 149
      },
      "date": "2022-01-01",
      "tags": [],
      "links": [],
      "account": "Income:US:Hooli:GroupTermLife",
      "currencies": [
        "USD"
      ],
      "booking": null
    },
    {
      "t": "Open",
      "meta": {
        "filename": "[REPO_DIR]/tests/ledgers/short-example.beancount",
        "lineno": 150
      },
      "date": "2022-01-01",
      "tags": [],
      "links": [],
      "account": "Income:US:Hooli:Vacation",
      "currencies": [
        "VACHR"
      ],
      "booking": null
    },
    {
      "t": "Open",
      "meta": {
        "filename": "[REPO_DIR]/tests/ledgers/short-example.beancount",
        "lineno": 151
      },
      "date": "2022-01-01",
      "tags": [],
      "links": [],
      "account": "Assets:US:Hooli:Vacation",
      "currencies": [
        "VACHR"
      ],
      "booking": null
    },
    {
      "t": "Open",
      "meta": {
        "filename": "[REPO_DIR]/tests/ledgers/short-example.beancount",
        "lineno": 152
      },
      "date": "2022-01-01",
      "tags": [],
      "links": [],
      "account": "Expenses:Vacation",
      "currencies": [
        "VACHR"
      ],
      "booking": null
    },
    {
      "t": "Open",
      "meta": {
        "filename": "[REPO_DIR]/tests/ledgers/short-example.beancount",
        "lineno": 153
      },
      "date": "2022-01-01",
      "tags": [],
      "links": [],
      "account": "Expenses:Health:Life:GroupTermLife",
      "currencies": [],
      "booking": null
    },
    {
      "t": "Open",
      "meta": {
        "filename": "[REPO_DIR]/tests/ledgers/short-example.beancount",
        "lineno": 154
      },
      "date": "2022-01-01",
      "tags": [],
      "links": [],
      "account": "Expenses:Health:Medical:Insurance",
      "currencies": [],
      "booking": null
    },
    {
      "t": "Open",
      "meta": {
        "filename": "[REPO_DIR]/tests/ledgers/short-example.beancount",
        "lineno": 155
      },
      "date": "2022-01-01",
      "tags": [],
      "links": [],
      "account": "Expenses:Health:Dental:Insurance",
      "currencies": [],
      "booking": null
    },
    {
      "t": "Open",
      "meta": {
        "filename": "[REPO_DIR]/tests/ledgers/short-example.beancount",
        "lineno": 156
      },
      "date": "2022-01-01",
      "tags": [],
      "links": [],
      "account": "Expenses:Health:Vision:Insurance",
      "currencies": [],
      "booking": null
    },
    {
      "t": "Open",
      "meta": {
        "filename": "[REPO_DIR]/tests/ledgers/short-example.beancount",
        "lineno": 211
      },
      "date": "2022-01-01",
      "tags": [],
      "links": [],
      "account": "Expenses:Taxes:Y2022:US:Federal:PreTax401k",
      "currencies": [
        "IRAUSD"
      ],
      "booking": null
    },
    {
      "t": "Open",
      "meta": {
        "filename": "[REPO_DIR]/tests/ledgers/short-example.beancount",
        "lineno": 212
      },
      "date": "2022-01-01",
      "tags": [],
      "links": [],
      "account": "Expenses:Taxes:Y2022:US:Medicare",
      "currencies": [
        "USD"
      ],
      "booking": null
    },
    {
      "t": "Open",
      "meta": {
        "filename": "[REPO_DIR]/tests/ledgers/short-example.beancount",
        "lineno": 213
      },
      "date": "2022-01-01",
      "tags": [],
      "links": [],
      "account": "Expenses:Taxes:Y2022:US:Federal",
      "currencies": [
        "USD"
      ],
      "booking": null
    },
    {
      "t": "Open",
      "meta": {
        "filename": "[REPO_DIR]/tests/ledgers/short-example.beancount",
        "lineno": 214
      },
      "date": "2022-01-01",
      "tags": [],
      "links": [],
      "account": "Expenses:Taxes:Y2022:US:CityNYC",
      "currencies": [
        "USD"
      ],
      "booking": null
    },
    {
      "t": "Open",
      "meta": {
        "filename": "[REPO_DIR]/tests/ledgers/short-example.beancount",
        "lineno": 215
      },
      "date": "2022-01-01",
      "tags": [],
      "links": [],
      "account": "Expenses:Taxes:Y2022:US:SDI",
      "currencies": [
        "USD"
      ],
      "booking": null
    },
    {
      "t": "Open",
      "meta": {
        "filename": "[REPO_DIR]/tests/ledgers/short-example.beancount",
        "lineno": 216
      },
      "date": "2022-01-01",
      "tags": [],
      "links": [],
      "account": "Expenses:Taxes:Y2022:US:State",
      "currencies": [
        "USD"
      ],
      "booking": null
    },
    {
      "t": "Open",
      "meta": {
        "filename": "[REPO_DIR]/tests/ledgers/short-example.beancount",
        "lineno": 217
      },
      "date": "2022-01-01",
      "tags": [],
      "links": [],
      "account": "Expenses:Taxes:Y2022:US:SocSec",
      "currencies": [
        "USD"
      ],
      "booking": null
    },
    {
      "t": "Balance",
      "meta": {
        "filename": "[REPO_DIR]/tests/ledgers/short-example.beancount",
        "lineno": 219
      },
      "date": "2022-01-01",
      "tags": [],
      "links": [],
      "account": "Assets:US:Federal:PreTax401k",
      "amount": {
        "number": "0",
        "currency": "IRAUSD"
      },
      "tolerance": null
    },
    {
      "t": "Transaction",
      "meta": {
        "filename": "[REPO_DIR]/tests/ledgers/short-example.beancount",
        "lineno": 41
      },
      "date": "2022-01-01",
      "tags": [],
      "links": [],
      "flag": "*",
      "payee": null,
      "narration": "Opening Balance for checking account",
      "postings": [
        {
          "meta": {
            "filename": "[REPO_DIR]/tests/ledgers/short-example.beancount",
            "lineno": 42
          },
          "account": "Assets:US:BofA:Checking",
          "units": {
            "number": "2404.00",
            "currency": "USD"
          },
          "price": null,
          "cost": null,
          "flag": null
        },
        {
          "meta": {
            "filename": "[REPO_DIR]/tests/ledgers/short-example.beancount",
            "lineno": 43
          },
          "account": "Equity:Opening-Balances",
          "units": {
            "number": "-2404.00",
            "currency": "USD"
          },
          "price": null,
          "cost": null,
          "flag": null
        }
      ]
    },
    {
      "t": "Event",
      "meta": {
        "filename": "[REPO_DIR]/tests/ledgers/short-example.beancount",
        "lineno": 158
      },
      "date": "2022-01-01",
      "tags": [],
      "links": [],
      "type": "employer",
      "description": "Hooli, 1 Carloston Rd, Mountain Beer, CA"
    },
    {
      "t": "Transaction",
      "meta": {
        "filename": "[REPO_DIR]/tests/ledgers/short-example.beancount",
        "lineno": 221
      },
      "date": "2022-01-01",
      "tags": [],
      "links": [],
      "flag": "*",
      "payee": null,
      "narration": "Allowed contributions for one year",
      "postings": [
        {
          "meta": {
            "filename": "[REPO_DIR]/tests/ledgers/short-example.beancount",
            "lineno": 222
          },
          "account": "Income:US:Federal:PreTax401k",
          "units": {
            "number": "-18500",
            "currency": "IRAUSD"
          },
          "price": null,
          "cost": null,
          "flag": null
        },
        {
          "meta": {
            "filename": "[REPO_DIR]/tests/ledgers/short-example.beancount",
            "lineno": 223
          },
          "account": "Assets:US:Federal:PreTax401k",
          "units": {
            "number": "18500",
            "currency": "IRAUSD"
          },
          "price": null,
          "cost": null,
          "flag": null
        }
      ]
    },
    {
      "t": "Balance",
      "meta": {
        "filename": "[REPO_DIR]/tests/ledgers/short-example.beancount",
        "lineno": 46
      },
      "date": "2022-01-02",
      "tags": [],
      "links": [],
      "account": "Assets:US:BofA:Checking",
      "amount": {
        "number": "2404.00",
        "currency": "USD"
      },
      "tolerance": null
    },
    {
      "t": "Balance",
      "meta": {
        "filename": "[REPO_DIR]/tests/ledgers/short-example.beancount",
        "lineno": 48
      },
      "date": "2022-01-02",
      "tags": [],
      "links": [],
      "account": "Assets:US:BofA:Checking",
      "amount": {
        "number": "2404.00",
        "currency": "USD"
      },
      "tolerance": "0.0001"
    },
    {
      "t": "Note",
      "meta": {
        "filename": "[REPO_DIR]/tests/ledgers/short-example.beancount",
        "lineno": 45
      },
      "date": "2022-01-02",
      "tags": [],
      "links": [],
      "account": "Assets:US:BofA:Checking",
      "comment": "Some note"
    },
    {
      "t": "Balance",
      "meta": {
        "filename": "[REPO_DIR]/tests/ledgers/short-example.beancount",
        "lineno": 47
      },
      "date": "2022-01-03",
      "tags": [],
      "links": [],
      "account": "Assets:US:BofA:Checking",
      "amount": {
        "number": "2404.00",
        "currency": "USD"
      },
      "tolerance": null
    },
    {
      "t": "Transaction",
      "meta": {
        "filename": "[REPO_DIR]/tests/ledgers/short-example.beancount",
        "lineno": 50
      },
      "date": "2022-01-04",
      "tags": [],
      "links": [],
      "flag": "*",
      "payee": "BANK FEES",
      "narration": "Monthly bank fee",
      "postings": [
        {
          "meta": {
            "filename": "[REPO_DIR]/tests/ledgers/short-example.beancount",
            "lineno": 51
          },
          "account": "Assets:US:BofA:Checking",
          "units": {
            "number": "-4.00",
            "currency": "USD"
          },
          "price": null,
          "cost": null,
          "flag": null
        },
        {
          "meta": {
            "filename": "[REPO_DIR]/tests/ledgers/short-example.beancount",
            "lineno": 52
          },
          "account": "Expenses:Financial:Fees",
          "units": {
            "number": "4.00",
            "currency": "USD"
          },
          "price": null,
          "cost": null,
          "flag": null
        }
      ]
    },
    {
      "t": "Transaction",
      "meta": {
        "filename": "[REPO_DIR]/tests/ledgers/short-example.beancount",
        "lineno": 54
      },
      "date": "2022-01-04",
      "tags": [],
      "links": [],
      "flag": "*",
      "payee": "RiverBank Properties",
      "narration": "Paying the rent",
      "postings": [
        {
          "meta": {
            "filename": "[REPO_DIR]/tests/ledgers/short-example.beancount",
            "lineno": 55
          },
          "account": "Assets:US:BofA:Checking",
          "units": {
            "number": "-2400.00",
            "currency": "USD"
          },
          "price": null,
          "cost": null,
          "flag": null
        },
        {
          "meta": {
            "filename": "[REPO_DIR]/tests/ledgers/short-example.beancount",
            "lineno": 56
          },
          "account": "Expenses:Home:Rent",
          "units": {
            "number": "2400.00",
            "currency": "USD"
          },
          "price": null,
          "cost": null,
          "flag": null
        }
      ]
    },
    {
      "t": "Transaction",
      "meta": {
        "filename": "[REPO_DIR]/tests/ledgers/short-example.beancount",
        "lineno": 77
      },
      "date": "2022-01-04",
      "tags": [],
      "links": [],
      "flag": "*",
      "payee": "Rose Flower",
      "narration": "Eating out alone",
      "postings": [
        {
          "meta": {
            "filename": "[REPO_DIR]/tests/ledgers/short-example.beancount",
            "lineno": 78
          },
          "account": "Liabilities:US:Chase:Slate",
          "units": {
            "number": "-12.81",
            "currency": "USD"
          },
          "price": null,
          "cost": null,
          "flag": null
        },
        {
          "meta": {
            "filename": "[REPO_DIR]/tests/ledgers/short-example.beancount",
            "lineno": 79
          },
          "account": "Expenses:Food:Restaurant",
          "units": {
            "number": "12.81",
            "currency": "USD"
          },
          "price": null,
          "cost": null,
          "flag": null
        }
      ]
    },
    {
      "t": "Transaction",
      "meta": {
        "filename": "[REPO_DIR]/tests/ledgers/short-example.beancount",
        "lineno": 160
      },
      "date": "2022-01-06",
      "tags": [],
      "links": [],
      "flag": "*",
      "payee": "Hooli",
      "narration": "Payroll",
      "postings": [
        {
          "meta": {
            "filename": "[REPO_DIR]/tests/ledgers/short-example.beancount",
            "lineno": 161
          },
          "account": "Assets:US:BofA:Checking",
          "units": {
            "number": "1350.60",
            "currency": "USD"
          },
          "price": null,
          "cost": null,
          "flag": null
        },
        {
          "meta": {
            "filename": "[REPO_DIR]/tests/ledgers/short-example.beancount",
            "lineno": 162
          },
          "account": "Assets:US:Vanguard:Cash",
          "units": {
            "number": "1200.00",
            "currency": "USD"
          },
          "price": null,
          "cost": null,
          "flag": null
        },
        {
          "meta": {
            "filename": "[REPO_DIR]/tests/ledgers/short-example.beancount",
            "lineno": 163
          },
          "account": "Income:US:Hooli:Salary",
          "units": {
            "number": "-4615.38",
            "currency": "USD"
          },
          "price": null,
          "cost": null,
          "flag": null
        },
        {
          "meta": {
            "filename": "[REPO_DIR]/tests/ledgers/short-example.beancount",
            "lineno": 164
          },
          "account": "Income:US:Hooli:GroupTermLife",
          "units": {
            "number": "-24.32",
            "currency": "USD"
          },
          "price": null,
          "cost": null,
          "flag": null
        },
        {
          "meta": {
            "filename": "[REPO_DIR]/tests/ledgers/short-example.beancount",
            "lineno": 165
          },
          "account": "Expenses:Health:Life:GroupTermLife",
          "units": {
            "number": "24.32",
            "currency": "USD"
          },
          "price": null,
          "cost": null,
          "flag": null
        },
        {
          "meta": {
            "filename": "[REPO_DIR]/tests/ledgers/short-example.beancount",
            "lineno": 166
          },
          "account": "Expenses:Health:Dental:Insurance",
          "units": {
            "number": "2.90",
            "currency": "USD"
          },
          "price": null,
          "cost": null,
          "flag": null
        },
        {
          "meta": {
            "filename": "[REPO_DIR]/tests/ledgers/short-example.beancount",
            "lineno": 167
          },
          "account": "Expenses:Health:Medical:Insurance",
          "units": {
            "number": "27.38",
            "currency": "USD"
          },
          "price": null,
          "cost": null,
          "flag": null
        },
        {
          "meta": {
            "filename": "[REPO_DIR]/tests/ledgers/short-example.beancount",
            "lineno": 168
          },
          "account": "Expenses:Health:Vision:Insurance",
          "units": {
            "number": "42.30",
            "currency": "USD"
          },
          "price": null,
          "cost": null,
          "flag": null
        },
        {
          "meta": {
            "filename": "[REPO_DIR]/tests/ledgers/short-example.beancount",
            "lineno": 169
          },
          "account": "Expenses:Taxes:Y2022:US:Medicare",
          "units": {
            "number": "106.62",
            "currency": "USD"
          },
          "price": null,
          "cost": null,
          "flag": null
        },
        {
          "meta": {
            "filename": "[REPO_DIR]/tests/ledgers/short-example.beancount",
            "lineno": 170
          },
          "account": "Expenses:Taxes:Y2022:US:Federal",
          "units": {
            "number": "1062.92",
            "currency": "USD"
          },
          "price": null,
          "cost": null,
          "flag": null
        },
        {
          "meta": {
            "filename": "[REPO_DIR]/tests/ledgers/short-example.beancount",
            "lineno": 171
          },
          "account": "Expenses:Taxes:Y2022:US:State",
          "units": {
            "number": "365.08",
            "currency": "USD"
          },
          "price": null,
          "cost": null,
          "flag": null
        },
        {
          "meta": {
            "filename": "[REPO_DIR]/tests/ledgers/short-example.beancount",
            "lineno": 172
          },
          "account": "Expenses:Taxes:Y2022:US:CityNYC",
          "units": {
            "number": "174.92",
            "currency": "USD"
          },
          "price": null,
          "cost": null,
          "flag": null
        },
        {
          "meta": {
            "filename": "[REPO_DIR]/tests/ledgers/short-example.beancount",
            "lineno": 173
          },
          "account": "Expenses:Taxes:Y2022:US:SDI",
          "units": {
            "number": "1.12",
            "currency": "USD"
          },
          "price": null,
          "cost": null,
          "flag": null
        },
        {
          "meta": {
            "filename": "[REPO_DIR]/tests/ledgers/short-example.beancount",
            "lineno": 174
          },
          "account": "Expenses:Taxes:Y2022:US:SocSec",
          "units": {
            "number": "281.54",
            "currency": "USD"
          },
          "price": null,
          "cost": null,
          "flag": null
        },
        {
          "meta": {
            "filename": "[REPO_DIR]/tests/ledgers/short-example.beancount",
            "lineno": 175
          },
          "account": "Assets:US:Federal:PreTax401k",
          "units": {
            "number": "-1200.00",
            "currency": "IRAUSD"
          },
          "price": null,
          "cost": null,
          "flag": null
        },
        {
          "meta": {
            "filename": "[REPO_DIR]/tests/ledgers/short-example.beancount",
            "lineno": 176
          },
          "account": "Expenses:Taxes:Y2022:US:Federal:PreTax401k",
          "units": {
            "number": "1200.00",
            "currency": "IRAUSD"
          },
          "price": null,
          "cost": null,
          "flag": null
        },
        {
          "meta": {
            "filename": "[REPO_DIR]/tests/ledgers/short-example.beancount",
            "lineno": 177
          },
          "account": "Assets:US:Hooli:Vacation",
          "units": {
            "number": "5",
            "currency": "VACHR"
          },
          "price": null,
          "cost": null,
          "flag": null
        },
        {
          "meta": {
            "filename": "[REPO_DIR]/tests/ledgers/short-example.beancount",
            "lineno": 178
          },
          "account": "Income:US:Hooli:Vacation",
          "units": {
            "number": "-5",
            "currency": "VACHR"
          },
          "price": null,
          "cost": null,
          "flag": null
        }
      ]
    },
    {
      "t": "Transaction",
      "meta": {
        "filename": "[REPO_DIR]/tests/ledgers/short-example.beancount",
        "lineno": 81
      },
      "date": "2022-01-07",
      "tags": [],
      "links": [],
      "flag": "*",
      "payee": "Cafe Modagor",
      "narration": "Eating out with Natasha",
      "postings": [
        {
          "meta": {
            "filename": "[REPO_DIR]/tests/ledgers/short-example.beancount",
            "lineno": 82
          },
          "account": "Liabilities:US:Chase:Slate",
          "units": {
            "number": "-27.74",
            "currency": "USD"
          },
          "price": null,
          "cost": null,
          "flag": null
        },
        {
          "meta": {
            "filename": "[REPO_DIR]/tests/ledgers/short-example.beancount",
            "lineno": 83
          },
          "account": "Expenses:Food:Restaurant",
          "units": {
            "number": "27.74",
            "currency": "USD"
          },
          "price": null,
          "cost": null,
          "flag": null
        }
      ]
    },
    {
      "t": "Transaction",
      "meta": {
        "filename": "[REPO_DIR]/tests/ledgers/short-example.beancount",
        "lineno": 85
      },
      "date": "2022-01-08",
      "tags": [],
      "links": [],
      "flag": "*",
      "payee": "Farmer Fresh",
      "narration": "Buying groceries",
      "postings": [
        {
          "meta": {
            "filename": "[REPO_DIR]/tests/ledgers/short-example.beancount",
            "lineno": 86
          },
          "account": "Liabilities:US:Chase:Slate",
          "units": {
            "number": "-70.30",
            "currency": "USD"
          },
          "price": null,
          "cost": null,
          "flag": null
        },
        {
          "meta": {
            "filename": "[REPO_DIR]/tests/ledgers/short-example.beancount",
            "lineno": 87
          },
          "account": "Expenses:Food:Groceries",
          "units": {
            "number": "70.30",
            "currency": "USD"
          },
          "price": null,
          "cost": null,
          "flag": null
        }
      ]
    },
    {
      "t": "Transaction",
      "meta": {
        "filename": "[REPO_DIR]/tests/ledgers/short-example.beancount",
        "lineno": 58
      },
      "date": "2022-01-09",
      "tags": [],
      "links": [],
      "flag": "*",
      "payee": "EDISON POWER",
      "narration": "",
      "postings": [
        {
          "meta": {
            "filename": "[REPO_DIR]/tests/ledgers/short-example.beancount",
            "lineno": 59
          },
          "account": "Assets:US:BofA:Checking",
          "units": {
            "number": "-65.00",
            "currency": "USD"
          },
          "price": null,
          "cost": null,
          "flag": null
        },
        {
          "meta": {
            "filename": "[REPO_DIR]/tests/ledgers/short-example.beancount",
            "lineno": 60
          },
          "account": "Expenses:Home:Electricity",
          "units": {
            "number": "65.00",
            "currency": "USD"
          },
          "price": null,
          "cost": null,
          "flag": null
        }
      ]
    },
    {
      "t": "Transaction",
      "meta": {
        "filename": "[REPO_DIR]/tests/ledgers/short-example.beancount",
        "lineno": 89
      },
      "date": "2022-01-12",
      "tags": [],
      "links": [],
      "flag": "*",
      "payee": "Goba Goba",
      "narration": "Eating out ",
      "postings": [
        {
          "meta": {
            "filename": "[REPO_DIR]/tests/ledgers/short-example.beancount",
            "lineno": 90
          },
          "account": "Liabilities:US:Chase:Slate",
          "units": {
            "number": "-28.94",
            "currency": "USD"
          },
          "price": null,
          "cost": null,
          "flag": null
        },
        {
          "meta": {
            "filename": "[REPO_DIR]/tests/ledgers/short-example.beancount",
            "lineno": 91
          },
          "account": "Expenses:Food:Restaurant",
          "units": {
            "number": "28.94",
            "currency": "USD"
          },
          "price": null,
          "cost": null,
          "flag": null
        }
      ]
    },
    {
      "t": "Transaction",
      "meta": {
        "filename": "[REPO_DIR]/tests/ledgers/short-example.beancount",
        "lineno": 93
      },
      "date": "2022-01-16",
      "tags": [],
      "links": [],
      "flag": "*",
      "payee": "Chichipotle",
      "narration": "Eating out with Joe",
      "postings": [
        {
          "meta": {
            "filename": "[REPO_DIR]/tests/ledgers/short-example.beancount",
            "lineno": 94
          },
          "account": "Liabilities:US:Chase:Slate",
          "units": {
            "number": "-40.83",
            "currency": "USD"
          },
          "price": null,
          "cost": null,
          "flag": null
        },
        {
          "meta": {
            "filename": "[REPO_DIR]/tests/ledgers/short-example.beancount",
            "lineno": 95
          },
          "account": "Expenses:Food:Restaurant",
          "units": {
            "number": "40.83",
            "currency": "USD"
          },
          "price": null,
          "cost": null,
          "flag": null
        }
      ]
    },
    {
      "t": "Transaction",
      "meta": {
        "filename": "[REPO_DIR]/tests/ledgers/short-example.beancount",
        "lineno": 97
      },
      "date": "2022-01-17",
      "tags": [],
      "links": [],
      "flag": "*",
      "payee": "Rose Flower",
      "narration": "Eating out ",
      "postings": [
        {
          "meta": {
            "filename": "[REPO_DIR]/tests/ledgers/short-example.beancount",
            "lineno": 98
          },
          "account": "Liabilities:US:Chase:Slate",
          "units": {
            "number": "-36.15",
            "currency": "USD"
          },
          "price": null,
          "cost": null,
          "flag": null
        },
        {
          "meta": {
            "filename": "[REPO_DIR]/tests/ledgers/short-example.beancount",
            "lineno": 99
          },
          "account": "Expenses:Food:Restaurant",
          "units": {
            "number": "36.15",
            "currency": "USD"
          },
          "price": null,
          "cost": null,
          "flag": null
        }
      ]
    },
    {
      "t": "Transaction",
      "meta": {
        "filename": "[REPO_DIR]/tests/ledgers/short-example.beancount",
        "lineno": 62
      },
      "date": "2022-01-19",
      "tags": [],
      "links": [],
      "flag": "*",
      "payee": "Verizon Wireless",
      "narration": "",
      "postings": [
        {
          "meta": {
            "filename": "[REPO_DIR]/tests/ledgers/short-example.beancount",
            "lineno": 63
          },
          "account": "Assets:US:BofA:Checking",
          "units": {
            "number": "-77.11",
            "currency": "USD"
          },
          "price": null,
          "cost": null,
          "flag": null
        },
        {
          "meta": {
            "filename": "[REPO_DIR]/tests/ledgers/short-example.beancount",
            "lineno": 64
          },
          "account": "Expenses:Home:Phone",
          "units": {
            "number": "77.11",
            "currency": "USD"
          },
          "price": null,
          "cost": null,
          "flag": null
        }
      ]
    },
    {
      "t": "Transaction",
      "meta": {
        "filename": "[REPO_DIR]/tests/ledgers/short-example.beancount",
        "lineno": 180
      },
      "date": "2022-01-20",
      "tags": [],
      "links": [],
      "flag": "*",
      "payee": "Hooli",
      "narration": "Payroll",
      "postings": [
        {
          "meta": {
            "filename": "[REPO_DIR]/tests/ledgers/short-example.beancount",
            "lineno": 181
          },
          "account": "Assets:US:BofA:Checking",
          "units": {
            "number": "1350.60",
            "currency": "USD"
          },
          "price": null,
          "cost": null,
          "flag": null
        },
        {
          "meta": {
            "filename": "[REPO_DIR]/tests/ledgers/short-example.beancount",
            "lineno": 182
          },
          "account": "Assets:US:Vanguard:Cash",
          "units": {
            "number": "1200.00",
            "currency": "USD"
          },
          "price": null,
          "cost": null,
          "flag": null
        },
        {
          "meta": {
            "filename": "[REPO_DIR]/tests/ledgers/short-example.beancount",
            "lineno": 183
          },
          "account": "Income:US:Hooli:Salary",
          "units": {
            "number": "-4615.38",
            "currency": "USD"
          },
          "price": null,
          "cost": null,
          "flag": null
        },
        {
          "meta": {
            "filename": "[REPO_DIR]/tests/ledgers/short-example.beancount",
            "lineno": 184
          },
          "account": "Income:US:Hooli:GroupTermLife",
          "units": {
            "number": "-24.32",
            "currency": "USD"
          },
          "price": null,
          "cost": null,
          "flag": null
        },
        {
          "meta": {
            "filename": "[REPO_DIR]/tests/ledgers/short-example.beancount",
            "lineno": 185
          },
          "account": "Expenses:Health:Life:GroupTermLife",
          "units": {
            "number": "24.32",
            "currency": "USD"
          },
          "price": null,
          "cost": null,
          "flag": null
        },
        {
          "meta": {
            "filename": "[REPO_DIR]/tests/ledgers/short-example.beancount",
            "lineno": 186
          },
          "account": "Expenses:Health:Dental:Insurance",
          "units": {
            "number": "2.90",
            "currency": "USD"
          },
          "price": null,
          "cost": null,
          "flag": null
        },
        {
          "meta": {
            "filename": "[REPO_DIR]/tests/ledgers/short-example.beancount",
            "lineno": 187
          },
          "account": "Expenses:Health:Medical:Insurance",
          "units": {
            "number": "27.38",
            "currency": "USD"
          },
          "price": null,
          "cost": null,
          "flag": null
        },
        {
          "meta": {
            "filename": "[REPO_DIR]/tests/ledgers/short-example.beancount",
            "lineno": 188
          },
          "account": "Expenses:Health:Vision:Insurance",
          "units": {
            "number": "42.30",
            "currency": "USD"
          },
          "price": null,
          "cost": null,
          "flag": null
        },
        {
          "meta": {
            "filename": "[REPO_DIR]/tests/ledgers/short-example.beancount",
            "lineno": 189
          },
          "account": "Expenses:Taxes:Y2022:US:Medicare",
          "units": {
            "number": "106.62",
            "currency": "USD"
          },
          "price": null,
          "cost": null,
          "flag": null
        },
        {
          "meta": {
            "filename": "[REPO_DIR]/tests/ledgers/short-example.beancount",
            "lineno": 190
          },
          "account": "Expenses:Taxes:Y2022:US:Federal",
          "units": {
            "number": "1062.92",
            "currency": "USD"
          },
          "price": null,
          "cost": null,
          "flag": null
        },
        {
          "meta": {
            "filename": "[REPO_DIR]/tests/ledgers/short-example.beancount",
            "lineno": 191
          },
          "account": "Expenses:Taxes:Y2022:US:State",
          "units": {
            "number": "365.08",
            "currency": "USD"
          },
          "price": null,
          "cost": null,
          "flag": null
        },
        {
          "meta": {
            "filename": "[REPO_DIR]/tests/ledgers/short-example.beancount",
            "lineno": 192
          },
          "account": "Expenses:Taxes:Y2022:US:CityNYC",
          "units": {
            "number": "174.92",
            "currency": "USD"
          },
          "price": null,
          "cost": null,
          "flag": null
        },
        {
          "meta": {
            "filename": "[REPO_DIR]/tests/ledgers/short-example.beancount",
            "lineno": 193
          },
          "account": "Expenses:Taxes:Y2022:US:SDI",
          "units": {
            "number": "1.12",
            "currency": "USD"
          },
          "price": null,
          "cost": null,
          "flag": null
        },
        {
          "meta": {
            "filename": "[REPO_DIR]/tests/ledgers/short-example.beancount",
            "lineno": 194
          },
          "account": "Expenses:Taxes:Y2022:US:SocSec",
          "units": {
            "number": "281.54",
            "currency": "USD"
          },
          "price": null,
          "cost": null,
          "flag": null
        },
        {
          "meta": {
            "filename": "[REPO_DIR]/tests/ledgers/short-example.beancount",
            "lineno": 195
          },
          "account": "Assets:US:Federal:PreTax401k",
          "units": {
            "number": "-1200.00",
            "currency": "IRAUSD"
          },
          "price": null,
          "cost": null,
          "flag": null
        },
        {
          "meta": {
            "filename": "[REPO_DIR]/tests/ledgers/short-example.beancount",
            "lineno": 196
          },
          "account": "Expenses:Taxes:Y2022:US:Federal:PreTax401k",
          "units": {
            "number": "1200.00",
            "currency": "IRAUSD"
          },
          "price": null,
          "cost": null,
          "flag": null
        },
        {
          "meta": {
            "filename": "[REPO_DIR]/tests/ledgers/short-example.beancount",
            "lineno": 197
          },
          "account": "Assets:US:Hooli:Vacation",
          "units": {
            "number": "5",
            "currency": "VACHR"
          },
          "price": null,
          "cost": null,
          "flag": null
        },
        {
          "meta": {
            "filename": "[REPO_DIR]/tests/ledgers/short-example.beancount",
            "lineno": 198
          },
          "account": "Income:US:Hooli:Vacation",
          "units": {
            "number": "-5",
            "currency": "VACHR"
          },
          "price": null,
          "cost": null,
          "flag": null
        }
      ]
    },
    {
      "t": "Transaction",
      "meta": {
        "filename": "[REPO_DIR]/tests/ledgers/short-example.beancount",
        "lineno": 66
      },
      "date": "2022-01-21",
      "tags": [],
      "links": [],
      "flag": "*",
      "payee": "Wine-Tarner Cable",
      "narration": "",
      "postings": [
        {
          "meta": {
            "filename": "[REPO_DIR]/tests/ledgers/short-example.beancount",
            "lineno": 67
          },
          "account": "Assets:US:BofA:Checking",
          "units": {
            "number": "-79.84",
            "currency": "USD"
          },
          "price": null,
          "cost": null,
          "flag": null
        },
        {
          "meta": {
            "filename": "[REPO_DIR]/tests/ledgers/short-example.beancount",
            "lineno": 68
          },
          "account": "Expenses:Home:Internet",
          "units": {
            "number": "79.84",
            "currency": "USD"
          },
          "price": null,
          "cost": null,
          "flag": null
        }
      ]
    },
    {
      "t": "Balance",
      "meta": {
        "filename": "[REPO_DIR]/tests/ledgers/short-example.beancount",
        "lineno": 101
      },
      "date": "2022-01-22",
      "tags": [],
      "links": [],
      "account": "Liabilities:US:Chase:Slate",
      "amount": {
        "number": "-216.77",
        "currency": "USD"
      },
      "tolerance": null
    },
    {
      "t": "Transaction",
      "meta": {
        "filename": "[REPO_DIR]/tests/ledgers/short-example.beancount",
        "lineno": 103
      },
      "date": "2022-01-22",
      "tags": [],
      "links": [],
      "flag": "*",
      "payee": "Jewel of Morroco",
      "narration": "Eating out ",
      "postings": [
        {
          "meta": {
            "filename": "[REPO_DIR]/tests/ledgers/short-example.beancount",
            "lineno": 104
          },
          "account": "Liabilities:US:Chase:Slate",
          "units": {
            "number": "-30.13",
            "currency": "USD"
          },
          "price": null,
          "cost": null,
          "flag": null
        },
        {
          "meta": {
            "filename": "[REPO_DIR]/tests/ledgers/short-example.beancount",
            "lineno": 105
          },
          "account": "Expenses:Food:Restaurant",
          "units": {
            "number": "30.13",
            "currency": "USD"
          },
          "price": null,
          "cost": null,
          "flag": null
        }
      ]
    },
    {
      "t": "Transaction",
      "meta": {
        "filename": "[REPO_DIR]/tests/ledgers/short-example.beancount",
        "lineno": 107
      },
      "date": "2022-01-24",
      "tags": [],
      "links": [],
      "flag": "*",
      "payee": "Corner Deli",
      "narration": "Buying groceries",
      "postings": [
        {
          "meta": {
            "filename": "[REPO_DIR]/tests/ledgers/short-example.beancount",
            "lineno": 108
          },
          "account": "Liabilities:US:Chase:Slate",
          "units": {
            "number": "-82.93",
            "currency": "USD"
          },
          "price": null,
          "cost": null,
          "flag": null
        },
        {
          "meta": {
            "filename": "[REPO_DIR]/tests/ledgers/short-example.beancount",
            "lineno": 109
          },
          "account": "Expenses:Food:Groceries",
          "units": {
            "number": "82.93",
            "currency": "USD"
          },
          "price": null,
          "cost": null,
          "flag": null
        }
      ]
    },
    {
      "t": "Transaction",
      "meta": {
        "filename": "[REPO_DIR]/tests/ledgers/short-example.beancount",
        "lineno": 111
      },
      "date": "2022-01-25",
      "tags": [],
      "links": [],
      "flag": "*",
      "payee": "Chichipotle",
      "narration": "Eating out with Joe",
      "postings": [
        {
          "meta": {
            "filename": "[REPO_DIR]/tests/ledgers/short-example.beancount",
            "lineno": 112
          },
          "account": "Liabilities:US:Chase:Slate",
          "units": {
            "number": "-23.05",
            "currency": "USD"
          },
          "price": null,
          "cost": null,
          "flag": null
        },
        {
          "meta": {
            "filename": "[REPO_DIR]/tests/ledgers/short-example.beancount",
            "lineno": 113
          },
          "account": "Expenses:Food:Restaurant",
          "units": {
            "number": "23.05",
            "currency": "USD"
          },
          "price": null,
          "cost": null,
          "flag": null
        }
      ]
    },
    {
      "t": "Transaction",
      "meta": {
        "filename": "[REPO_DIR]/tests/ledgers/short-example.beancount",
        "lineno": 115
      },
      "date": "2022-01-27",
      "tags": [],
      "links": [],
      "flag": "*",
      "payee": "Cafe Modagor",
      "narration": "Eating out alone",
      "postings": [
        {
          "meta": {
            "filename": "[REPO_DIR]/tests/ledgers/short-example.beancount",
            "lineno": 116
          },
          "account": "Liabilities:US:Chase:Slate",
          "units": {
            "number": "-28.63",
            "currency": "USD"
          },
          "price": null,
          "cost": null,
          "flag": null
        },
        {
          "meta": {
            "filename": "[REPO_DIR]/tests/ledgers/short-example.beancount",
            "lineno": 117
          },
          "account": "Expenses:Food:Restaurant",
          "units": {
            "number": "28.63",
            "currency": "USD"
          },
          "price": null,
          "cost": null,
          "flag": null
        }
      ]
    },
    {
      "t": "Transaction",
      "meta": {
        "filename": "[REPO_DIR]/tests/ledgers/short-example.beancount",
        "lineno": 119
      },
      "date": "2022-01-29",
      "tags": [],
      "links": [],
      "flag": "*",
      "payee": "Metro Transport Authority",
      "narration": "Tram tickets",
      "postings": [
        {
          "meta": {
            "filename": "[REPO_DIR]/tests/ledgers/short-example.beancount",
            "lineno": 120
          },
          "account": "Liabilities:US:Chase:Slate",
          "units": {
            "number": "-120.00",
            "currency": "USD"
          },
          "price": null,
          "cost": null,
          "flag": null
        },
        {
          "meta": {
            "filename": "[REPO_DIR]/tests/ledgers/short-example.beancount",
            "lineno": 121
          },
          "account": "Expenses:Transport:Tram",
          "units": {
            "number": "120.00",
            "currency": "USD"
          },
          "price": null,
          "cost": null,
          "flag": null
        }
      ]
    },
    {
      "t": "Transaction",
      "meta": {
        "filename": "[REPO_DIR]/tests/ledgers/short-example.beancount",
        "lineno": 123
      },
      "date": "2022-01-31",
      "tags": [],
      "links": [],
      "flag": "*",
      "payee": "Cafe Modagor",
      "narration": "Eating out with Natasha",
      "postings": [
        {
          "meta": {
            "filename": "[REPO_DIR]/tests/ledgers/short-example.beancount",
            "lineno": 124
          },
          "account": "Liabilities:US:Chase:Slate",
          "units": {
            "number": "-45.04",
            "currency": "USD"
          },
          "price": null,
          "cost": null,
          "flag": null
        },
        {
          "meta": {
            "filename": "[REPO_DIR]/tests/ledgers/short-example.beancount",
            "lineno": 125
          },
          "account": "Expenses:Food:Restaurant",
          "units": {
            "number": "45.04",
            "currency": "USD"
          },
          "price": null,
          "cost": null,
          "flag": null
        }
      ]
    },
    {
      "t": "Close",
      "meta": {
        "filename": "[REPO_DIR]/tests/ledgers/short-example.beancount",
        "lineno": 75
      },
      "date": "2022-02-04",
      "tags": [],
      "links": [],
      "account": "Liabilities:US:Chase:Slate"
    }
  ],
  "errors": [
    {
      "filename": "[REPO_DIR]/tests/ledgers/short-example.beancount",
      "lineno": 50,
      "message": "Invalid reference to unknown account Expenses:Financial:Fees.",
      "entry": {
        "t": "Transaction",
        "meta": {
          "filename": "[REPO_DIR]/tests/ledgers/short-example.beancount",
          "lineno": 50
        },
        "date": "2022-01-04",
        "tags": [],
        "links": [],
        "flag": "*",
        "payee": "BANK FEES",
        "narration": "Monthly bank fee",
        "postings": [
          {
            "meta": {
              "filename": "[REPO_DIR]/tests/ledgers/short-example.beancount",
              "lineno": 51
            },
            "account": "Assets:US:BofA:Checking",
            "units": {
              "number": "-4.00",
              "currency": "USD"
            },
            "price": null,
            "cost": null,
            "flag": null
          },
          {
            "meta": {
              "filename": "[REPO_DIR]/tests/ledgers/short-example.beancount",
              "lineno": 52
            },
            "account": "Expenses:Financial:Fees",
            "units": {
              "number": "4.00",
              "currency": "USD"
            },
            "price": null,
            "cost": null,
            "flag": null
          }
        ]
      }
    },
    {
      "filename": "[REPO_DIR]/tests/ledgers/short-example.beancount",
      "lineno": 160,
      "message": "Invalid reference to unknown account Assets:US:Vanguard:Cash.",
      "entry": {
        "t": "Transaction",
        "meta": {
          "filename": "[REPO_DIR]/tests/ledgers/short-example.beancount",
          "lineno": 160
        },
        "date": "2022-01-06",
        "tags": [],
        "links": [],
        "flag": "*",
        "payee": "Hooli",
        "narration": "Payroll",
        "postings": [
          {
            "meta": {
              "filename": "[REPO_DIR]/tests/ledgers/short-example.beancount",
              "lineno": 161
            },
            "account": "Assets:US:BofA:Checking",
            "units": {
              "number": "1350.60",
              "currency": "USD"
            },
            "price": null,
            "cost": null,
            "flag": null
          },
          {
            "meta": {
              "filename": "[REPO_DIR]/tests/ledgers/short-example.beancount",
              "lineno": 162
            },
            "account": "Assets:US:Vanguard:Cash",
            "units": {
              "number": "1200.00",
              "currency": "USD"
            },
            "price": null,
            "cost": null,
            "flag": null
          },
          {
            "meta": {
              "filename": "[REPO_DIR]/tests/ledgers/short-example.beancount",
              "lineno": 163
            },
            "account": "Income:US:Hooli:Salary",
            "units": {
              "number": "-4615.38",
              "currency": "USD"
            },
            "price": null,
            "cost": null,
            "flag": null
          },
          {
            "meta": {
              "filename": "[REPO_DIR]/tests/ledgers/short-example.beancount",
              "lineno": 164
            },
            "account": "Income:US:Hooli:GroupTermLife",
            "units": {
              "number": "-24.32",
              "currency": "USD"
            },
            "price": null,
            "cost": null,
            "flag": null
          },
          {
            "meta": {
              "filename": "[REPO_DIR]/tests/ledgers/short-example.beancount",
              "lineno": 165
            },
            "account": "Expenses:Health:Life:GroupTermLife",
            "units": {
              "number": "24.32",
              "currency": "USD"
            },
            "price": null,
            "cost": null,
            "flag": null
          },
          {
            "meta": {
              "filename": "[REPO_DIR]/tests/ledgers/short-example.beancount",
              "lineno": 166
            },
            "account": "Expenses:Health:Dental:Insurance",
            "units": {
              "number": "2.90",
              "currency": "USD"
            },
            "price": null,
            "cost": null,
            "flag": null
          },
          {
            "meta": {
              "filename": "[REPO_DIR]/tests/ledgers/short-example.beancount",
              "lineno": 167
            },
            "account": "Expenses:Health:Medical:Insurance",
            "units": {
              "number": "27.38",
              "currency": "USD"
            },
            "price": null,
            "cost": null,
            "flag": null
          },
          {
            "meta": {
              "filename": "[REPO_DIR]/tests/ledgers/short-example.beancount",
              "lineno": 168
            },
            "account": "Expenses:Health:Vision:Insurance",
            "units": {
              "number": "42.30",
              "currency": "USD"
            },
            "price": null,
            "cost": null,
            "flag": null
          },
          {
            "meta": {
              "filename": "[REPO_DIR]/tests/ledgers/short-example.beancount",
              "lineno": 169
            },
            "account": "Expenses:Taxes:Y2022:US:Medicare",
            "units": {
              "number": "106.62",
              "currency": "USD"
            },
            "price": null,
            "cost": null,
            "flag": null
          },
          {
            "meta": {
              "filename": "[REPO_DIR]/tests/ledgers/short-example.beancount",
              "lineno": 170
            },
            "account": "Expenses:Taxes:Y2022:US:Federal",
            "units": {
              "number": "1062.92",
              "currency": "USD"
            },
            "price": null,
            "cost": null,
            "flag": null
          },
          {
            "meta": {
              "filename": "[REPO_DIR]/tests/ledgers/short-example.beancount",
              "lineno": 171
            },
            "account": "Expenses:Taxes:Y2022:US:State",
            "units": {
              "number": "365.08",
              "currency": "USD"
            },
            "price": null,
            "cost": null,
            "flag": null
          },
          {
            "meta": {
              "filename": "[REPO_DIR]/tests/ledgers/short-example.beancount",
              "lineno": 172
            },
            "account": "Expenses:Taxes:Y2022:US:CityNYC",
            "units": {
              "number": "174.92",
              "currency": "USD"
            },
            "price": null,
            "cost": null,
            "flag": null
          },
          {
            "meta": {
              "filename": "[REPO_DIR]/tests/ledgers/short-example.beancount",
              "lineno": 173
            },
            "account": "Expenses:Taxes:Y2022:US:SDI",
            "units": {
              "number": "1.12",
              "currency": "USD"
            },
            "price": null,
            "cost": null,
            "flag": null
          },
          {
            "meta": {
              "filename": "[REPO_DIR]/tests/ledgers/short-example.beancount",
              "lineno": 174
            },
            "account": "Expenses:Taxes:Y2022:US:SocSec",
            "units": {
              "number": "281.54",
              "currency": "USD"
            },
            "price": null,
            "cost": null,
            "flag": null
          },
          {
            "meta": {
              "filename": "[REPO_DIR]/tests/ledgers/short-example.beancount",
              "lineno": 175
            },
            "account": "Assets:US:Federal:PreTax401k",
            "units": {
              "number": "-1200.00",
              "currency": "IRAUSD"
            },
            "price": null,
            "cost": null,
            "flag": null
          },
          {
            "meta": {
              "filename": "[REPO_DIR]/tests/ledgers/short-example.beancount",
              "lineno": 176
            },
            "account": "Expenses:Taxes:Y2022:US:Federal:PreTax401k",
            "units": {
              "number": "1200.00",
              "currency": "IRAUSD"
            },
            "price": null,
            "cost": null,
            "flag": null
          },
          {
            "meta": {
              "filename": "[REPO_DIR]/tests/ledgers/short-example.beancount",
              "lineno": 177
            },
            "account": "Assets:US:Hooli:Vacation",
            "units": {
              "number": "5",
              "currency": "VACHR"
            },
            "price": null,
            "cost": null,
            "flag": null
          },
          {
            "meta": {
              "filename": "[REPO_DIR]/tests/ledgers/short-example.beancount",
              "lineno": 178
            },
            "account": "Income:US:Hooli:Vacation",
            "units": {
              "number": "-5",
              "currency": "VACHR"
            },
            "price": null,
            "cost": null,
            "flag": null
          }
        ]
      }
    },
    {
      "filename": "[REPO_DIR]/tests/ledgers/short-example.beancount",
      "lineno": 180,
      "message": "Invalid reference to unknown account Assets:US:Vanguard:Cash.",
      "entry": {
        "t": "Transaction",
        "meta": {
          "filename": "[REPO_DIR]/tests/ledgers/short-example.beancount",
          "lineno": 180
        },
        "date": "2022-01-20",
        "tags": [],
        "links": [],
        "flag": "*",
        "payee": "Hooli",
        "narration": "Payroll",
        "postings": [
          {
            "meta": {
              "filename": "[REPO_DIR]/tests/ledgers/short-example.beancount",
              "lineno": 181
            },
            "account": "Assets:US:BofA:Checking",
            "units": {
              "number": "1350.60",
              "currency": "USD"
            },
            "price": null,
            "cost": null,
            "flag": null
          },
          {
            "meta": {
              "filename": "[REPO_DIR]/tests/ledgers/short-example.beancount",
              "lineno": 182
            },
            "account": "Assets:US:Vanguard:Cash",
            "units": {
              "number": "1200.00",
              "currency": "USD"
            },
            "price": null,
            "cost": null,
            "flag": null
          },
          {
            "meta": {
              "filename": "[REPO_DIR]/tests/ledgers/short-example.beancount",
              "lineno": 183
            },
            "account": "Income:US:Hooli:Salary",
            "units": {
              "number": "-4615.38",
              "currency": "USD"
            },
            "price": null,
            "cost": null,
            "flag": null
          },
          {
            "meta": {
              "filename": "[REPO_DIR]/tests/ledgers/short-example.beancount",
              "lineno": 184
            },
            "account": "Income:US:Hooli:GroupTermLife",
            "units": {
              "number": "-24.32",
              "currency": "USD"
            },
            "price": null,
            "cost": null,
            "flag": null
          },
          {
            "meta": {
              "filename": "[REPO_DIR]/tests/ledgers/short-example.beancount",
              "lineno": 185
            },
            "account": "Expenses:Health:Life:GroupTermLife",
            "units": {
              "number": "24.32",
              "currency": "USD"
            },
            "price": null,
            "cost": null,
            "flag": null
          },
          {
            "meta": {
              "filename": "[REPO_DIR]/tests/ledgers/short-example.beancount",
              "lineno": 186
            },
            "account": "Expenses:Health:Dental:Insurance",
            "units": {
              "number": "2.90",
              "currency": "USD"
            },
            "price": null,
            "cost": null,
            "flag": null
          },
          {
            "meta": {
              "filename": "[REPO_DIR]/tests/ledgers/short-example.beancount",
              "lineno": 187
            },
            "account": "Expenses:Health:Medical:Insurance",
            "units": {
              "number": "27.38",
              "currency": "USD"
            },
            "price": null,
            "cost": null,
            "flag": null
          },
          {
            "meta": {
              "filename": "[REPO_DIR]/tests/ledgers/short-example.beancount",
              "lineno": 188
            },
            "account": "Expenses:Health:Vision:Insurance",
            "units": {
              "number": "42.30",
              "currency": "USD"
            },
            "price": null,
            "cost": null,
            "flag": null
          },
          {
            "meta": {
              "filename": "[REPO_DIR]/tests/ledgers/short-example.beancount",
              "lineno": 189
            },
            "account": "Expenses:Taxes:Y2022:US:Medicare",
            "units": {
              "number": "106.62",
              "currency": "USD"
            },
            "price": null,
            "cost": null,
            "flag": null
          },
          {
            "meta": {
              "filename": "[REPO_DIR]/tests/ledgers/short-example.beancount",
              "lineno": 190
            },
            "account": "Expenses:Taxes:Y2022:US:Federal",
            "units": {
              "number": "1062.92",
              "currency": "USD"
            },
            "price": null,
            "cost": null,
            "flag": null
          },
          {
            "meta": {
              "filename": "[REPO_DIR]/tests/ledgers/short-example.beancount",
              "lineno": 191
            },
            "account": "Expenses:Taxes:Y2022:US:State",
            "units": {
              "number": "365.08",
              "currency": "USD"
            },
            "price": null,
            "cost": null,
            "flag": null
          },
          {
            "meta": {
              "filename": "[REPO_DIR]/tests/ledgers/short-example.beancount",
              "lineno": 192
            },
            "account": "Expenses:Taxes:Y2022:US:CityNYC",
            "units": {
              "number": "174.92",
              "currency": "USD"
            },
            "price": null,
            "cost": null,
            "flag": null
          },
          {
            "meta": {
              "filename": "[REPO_DIR]/tests/ledgers/short-example.beancount",
              "lineno": 193
            },
            "account": "Expenses:Taxes:Y2022:US:SDI",
            "units": {
              "number": "1.12",
              "currency": "USD"
            },
            "price": null,
            "cost": null,
            "flag": null
          },
          {
            "meta": {
              "filename": "[REPO_DIR]/tests/ledgers/short-example.beancount",
              "lineno": 194
            },
            "account": "Expenses:Taxes:Y2022:US:SocSec",
            "units": {
              "number": "281.54",
              "currency": "USD"
            },
            "price": null,
            "cost": null,
            "flag": null
          },
          {
            "meta": {
              "filename": "[REPO_DIR]/tests/ledgers/short-example.beancount",
              "lineno": 195
            },
            "account": "Assets:US:Federal:PreTax401k",
            "units": {
              "number": "-1200.00",
              "currency": "IRAUSD"
            },
            "price": null,
            "cost": null,
            "flag": null
          },
          {
            "meta": {
              "filename": "[REPO_DIR]/tests/ledgers/short-example.beancount",
              "lineno": 196
            },
            "account": "Expenses:Taxes:Y2022:US:Federal:PreTax401k",
            "units": {
              "number": "1200.00",
              "currency": "IRAUSD"
            },
            "price": null,
            "cost": null,
            "flag": null
          },
          {
            "meta": {
              "filename": "[REPO_DIR]/tests/ledgers/short-example.beancount",
              "lineno": 197
            },
            "account": "Assets:US:Hooli:Vacation",
            "units": {
              "number": "5",
              "currency": "VACHR"
            },
            "price": null,
            "cost": null,
            "flag": null
          },
          {
            "meta": {
              "filename": "[REPO_DIR]/tests/ledgers/short-example.beancount",
              "lineno": 198
            },
            "account": "Income:US:Hooli:Vacation",
            "units": {
              "number": "-5",
              "currency": "VACHR"
            },
            "price": null,
            "cost": null,
            "flag": null
          }
        ]
      }
    }
  ],
  "options": {
    "title": "A short Beancount file that should",
    "root_accounts": {
      "assets": "Assets",
      "liabilities": "Liabilities",
      "equity": "Equity",
      "income": "Income",
      "expenses": "Expenses"
    },
    "account_current_conversions": "Conversions:Current",
    "account_current_earnings": "Earnings:Current",
    "account_previous_balances": "Opening-Balances",
    "account_previous_conversions": "Conversions:Previous",
    "account_previous_earnings": "Earnings:Previous",
    "render_commas": false,
    "operating_currency": [
      "USD",
      "EUR"
    ],
    "conversion_currency": "NOTHING",
    "documents": [],
    "booking_method": "Strict",
    "inferred_tolerance_default": {
      "map": {
        "EUR": "0.005"
      },
      "default": "0"
    },
    "inferred_tolerance_multiplier": "0.5",
    "insert_pythonpath": false,
    "display_precisions": {
      "IRAUSD": {
        "has_sign": true,
        "max": 2,
        "common": 2
      },
      "USD": {
        "has_sign": true,
        "max": 2,
        "common": 2
      },
      "VACHR": {
        "has_sign": true,
        "max": 0,
        "common": 0
      }
    }
  },
  "includes": [
    "[REPO_DIR]/tests/ledgers/short-example.beancount"
  ],
  "plugins": []
}
