---
source: tests/load_test.rs
expression: ledger
---
{
  "filename": "[REPO_DIR]/tests/ledgers/example.beancount",
  "entries": [
    {
      "t": "Commodity",
      "date": "1792-01-01",
      "meta": [
        {
          "key": "export",
          "value": {
            "String": "CASH"
          }
        },
        {
          "key": "name",
          "value": {
            "String": "US Dollar"
          }
        }
      ],
      "tags": [],
      "links": [],
      "filename": "[REPO_DIR]/tests/ledgers/example.beancount",
      "line": 16,
      "currency": "USD"
    },
    {
      "t": "Commodity",
      "date": "1900-01-01",
      "meta": [
        {
          "key": "export",
          "value": {
            "String": "MUTF:VMMXX (MONEY:USD)"
          }
        }
      ],
      "tags": [],
      "links": [],
      "filename": "[REPO_DIR]/tests/ledgers/example.beancount",
      "line": 20,
      "currency": "VMMXX"
    },
    {
      "t": "Open",
      "date": "1980-05-12",
      "meta": [],
      "tags": [],
      "links": [],
      "filename": "[REPO_DIR]/tests/ledgers/example.beancount",
      "line": 65,
      "account": "Equity:Opening-Balances",
      "currencies": [],
      "booking": null
    },
    {
      "t": "Open",
      "date": "1980-05-12",
      "meta": [],
      "tags": [],
      "links": [],
      "filename": "[REPO_DIR]/tests/ledgers/example.beancount",
      "line": 66,
      "account": "Liabilities:AccountsPayable",
      "currencies": [],
      "booking": null
    },
    {
      "t": "Open",
      "date": "1980-05-12",
      "meta": [],
      "tags": [],
      "links": [],
      "filename": "[REPO_DIR]/tests/ledgers/example.beancount",
      "line": 112,
      "account": "Liabilities:US:Chase:Slate",
      "currencies": [
        "USD"
      ],
      "booking": null
    },
    {
      "t": "Open",
      "date": "1980-05-12",
      "meta": [],
      "tags": [],
      "links": [],
      "filename": "[REPO_DIR]/tests/ledgers/example.beancount",
      "line": 296,
      "account": "Income:US:Federal:PreTax401k",
      "currencies": [
        "IRAUSD"
      ],
      "booking": null
    },
    {
      "t": "Open",
      "date": "1980-05-12",
      "meta": [],
      "tags": [],
      "links": [],
      "filename": "[REPO_DIR]/tests/ledgers/example.beancount",
      "line": 297,
      "account": "Assets:US:Federal:PreTax401k",
      "currencies": [
        "IRAUSD"
      ],
      "booking": null
    },
    {
      "t": "Open",
      "date": "1980-05-12",
      "meta": [],
      "tags": [],
      "links": [],
      "filename": "[REPO_DIR]/tests/ledgers/example.beancount",
      "line": 321,
      "account": "Expenses:Food:Groceries",
      "currencies": [],
      "booking": null
    },
    {
      "t": "Open",
      "date": "1980-05-12",
      "meta": [],
      "tags": [],
      "links": [],
      "filename": "[REPO_DIR]/tests/ledgers/example.beancount",
      "line": 322,
      "account": "Expenses:Food:Restaurant",
      "currencies": [],
      "booking": null
    },
    {
      "t": "Open",
      "date": "1980-05-12",
      "meta": [],
      "tags": [],
      "links": [],
      "filename": "[REPO_DIR]/tests/ledgers/example.beancount",
      "line": 323,
      "account": "Expenses:Food:Coffee",
      "currencies": [],
      "booking": null
    },
    {
      "t": "Open",
      "date": "1980-05-12",
      "meta": [],
      "tags": [],
      "links": [],
      "filename": "[REPO_DIR]/tests/ledgers/example.beancount",
      "line": 324,
      "account": "Expenses:Food:Alcohol",
      "currencies": [],
      "booking": null
    },
    {
      "t": "Open",
      "date": "1980-05-12",
      "meta": [],
      "tags": [],
      "links": [],
      "filename": "[REPO_DIR]/tests/ledgers/example.beancount",
      "line": 325,
      "account": "Expenses:Transport:Tram",
      "currencies": [],
      "booking": null
    },
    {
      "t": "Open",
      "date": "1980-05-12",
      "meta": [],
      "tags": [],
      "links": [],
      "filename": "[REPO_DIR]/tests/ledgers/example.beancount",
      "line": 326,
      "account": "Expenses:Home:Rent",
      "currencies": [],
      "booking": null
    },
    {
      "t": "Open",
      "date": "1980-05-12",
      "meta": [],
      "tags": [],
      "links": [],
      "filename": "[REPO_DIR]/tests/ledgers/example.beancount",
      "line": 327,
      "account": "Expenses:Home:Electricity",
      "currencies": [],
      "booking": null
    },
    {
      "t": "Open",
      "date": "1980-05-12",
      "meta": [],
      "tags": [],
      "links": [],
      "filename": "[REPO_DIR]/tests/ledgers/example.beancount",
      "line": 328,
      "account": "Expenses:Home:Internet",
      "currencies": [],
      "booking": null
    },
    {
      "t": "Open",
      "date": "1980-05-12",
      "meta": [],
      "tags": [],
      "links": [],
      "filename": "[REPO_DIR]/tests/ledgers/example.beancount",
      "line": 329,
      "account": "Expenses:Home:Phone",
      "currencies": [],
      "booking": null
    },
    {
      "t": "Open",
      "date": "1980-05-12",
      "meta": [],
      "tags": [],
      "links": [],
      "filename": "[REPO_DIR]/tests/ledgers/example.beancount",
      "line": 330,
      "account": "Expenses:Financial:Fees",
      "currencies": [],
      "booking": null
    },
    {
      "t": "Open",
      "date": "1980-05-12",
      "meta": [],
      "tags": [],
      "links": [],
      "filename": "[REPO_DIR]/tests/ledgers/example.beancount",
      "line": 331,
      "account": "Expenses:Financial:Commissions",
      "currencies": [],
      "booking": null
    },
    {
      "t": "Commodity",
      "date": "1980-05-12",
      "meta": [
        {
          "key": "export",
          "value": {
            "String": "IGNORE"
          }
        },
        {
          "key": "name",
          "value": {
            "String": "Employer Vacation Hours"
          }
        }
      ],
      "tags": [],
      "links": [],
      "filename": "[REPO_DIR]/tests/ledgers/example.beancount",
      "line": 23,
      "currency": "VACHR"
    },
    {
      "t": "Commodity",
      "date": "1980-05-12",
      "meta": [
        {
          "key": "export",
          "value": {
            "String": "IGNORE"
          }
        },
        {
          "key": "name",
          "value": {
            "String": "US 401k and IRA Contributions"
          }
        }
      ],
      "tags": [],
      "links": [],
      "filename": "[REPO_DIR]/tests/ledgers/example.beancount",
      "line": 27,
      "currency": "IRAUSD"
    },
    {
      "t": "Commodity",
      "date": "1995-09-18",
      "meta": [
        {
          "key": "export",
          "value": {
            "String": "MUTF:VBMPX"
          }
        },
        {
          "key": "name",
          "value": {
            "String": "Vanguard Total Bond Market Index Fund Institutional Plus Shares"
          }
        },
        {
          "key": "price",
          "value": {
            "String": "USD:google/MUTF:VBMPX"
          }
        }
      ],
      "tags": [],
      "links": [],
      "filename": "[REPO_DIR]/tests/ledgers/example.beancount",
      "line": 31,
      "currency": "VBMPX"
    },
    {
      "t": "Commodity",
      "date": "2004-01-20",
      "meta": [
        {
          "key": "export",
          "value": {
            "String": "NYSEARCA:ITOT"
          }
        },
        {
          "key": "name",
          "value": {
            "String": "iShares Core S&P Total U.S. Stock Market ETF"
          }
        },
        {
          "key": "price",
          "value": {
            "String": "USD:google/NYSEARCA:ITOT"
          }
        }
      ],
      "tags": [],
      "links": [],
      "filename": "[REPO_DIR]/tests/ledgers/example.beancount",
      "line": 36,
      "currency": "ITOT"
    },
    {
      "t": "Commodity",
      "date": "2004-01-26",
      "meta": [
        {
          "key": "export",
          "value": {
            "String": "NYSEARCA:VHT"
          }
        },
        {
          "key": "name",
          "value": {
            "String": "Vanguard Health Care ETF"
          }
        },
        {
          "key": "price",
          "value": {
            "String": "USD:google/NYSEARCA:VHT"
          }
        }
      ],
      "tags": [],
      "links": [],
      "filename": "[REPO_DIR]/tests/ledgers/example.beancount",
      "line": 41,
      "currency": "VHT"
    },
    {
      "t": "Commodity",
      "date": "2004-11-01",
      "meta": [
        {
          "key": "export",
          "value": {
            "String": "NYSEARCA:GLD"
          }
        },
        {
          "key": "name",
          "value": {
            "String": "SPDR Gold Trust (ETF)"
          }
        },
        {
          "key": "price",
          "value": {
            "String": "USD:google/NYSEARCA:GLD"
          }
        }
      ],
      "tags": [],
      "links": [],
      "filename": "[REPO_DIR]/tests/ledgers/example.beancount",
      "line": 46,
      "currency": "GLD"
    },
    {
      "t": "Commodity",
      "date": "2007-07-20",
      "meta": [
        {
          "key": "export",
          "value": {
            "String": "NYSEARCA:VEA"
          }
        },
        {
          "key": "name",
          "value": {
            "String": "Vanguard FTSE Developed Markets ETF"
          }
        },
        {
          "key": "price",
          "value": {
            "String": "USD:google/NYSEARCA:VEA"
          }
        }
      ],
      "tags": [],
      "links": [],
      "filename": "[REPO_DIR]/tests/ledgers/example.beancount",
      "line": 51,
      "currency": "VEA"
    },
    {
      "t": "Commodity",
      "date": "2009-05-01",
      "meta": [
        {
          "key": "export",
          "value": {
            "String": "MUTF:RGAGX"
          }
        },
        {
          "key": "name",
          "value": {
            "String": "American Funds The Growth Fund of America Class R-6"
          }
        },
        {
          "key": "price",
          "value": {
            "String": "USD:google/MUTF:RGAGX"
          }
        }
      ],
      "tags": [],
      "links": [],
      "filename": "[REPO_DIR]/tests/ledgers/example.beancount",
      "line": 56,
      "currency": "RGAGX"
    },
    {
      "t": "Open",
      "date": "2022-01-01",
      "meta": [
        {
          "key": "address",
          "value": {
            "String": "123 America Street, LargeTown, USA"
          }
        },
        {
          "key": "institution",
          "value": {
            "String": "Bank of America"
          }
        },
        {
          "key": "phone",
          "value": {
            "String": "+1.012.345.6789"
          }
        }
      ],
      "tags": [],
      "links": [],
      "filename": "[REPO_DIR]/tests/ledgers/example.beancount",
      "line": 72,
      "account": "Assets:US:BofA",
      "currencies": [],
      "booking": null
    },
    {
      "t": "Open",
      "date": "2022-01-01",
      "meta": [
        {
          "key": "account",
          "value": {
            "String": "00234-48574897"
          }
        }
      ],
      "tags": [],
      "links": [],
      "filename": "[REPO_DIR]/tests/ledgers/example.beancount",
      "line": 76,
      "account": "Assets:US:BofA:Checking",
      "currencies": [
        "USD",
        "EUR"
      ],
      "booking": null
    },
    {
      "t": "Open",
      "date": "2022-01-01",
      "meta": [],
      "tags": [],
      "links": [],
      "filename": "[REPO_DIR]/tests/ledgers/example.beancount",
      "line": 169,
      "account": "Assets:US:ETrade:Cash",
      "currencies": [
        "USD"
      ],
      "booking": null
    },
    {
      "t": "Open",
      "date": "2022-01-01",
      "meta": [],
      "tags": [],
      "links": [],
      "filename": "[REPO_DIR]/tests/ledgers/example.beancount",
      "line": 170,
      "account": "Assets:US:ETrade:ITOT",
      "currencies": [
        "ITOT"
      ],
      "booking": null
    },
    {
      "t": "Open",
      "date": "2022-01-01",
      "meta": [],
      "tags": [],
      "links": [],
      "filename": "[REPO_DIR]/tests/ledgers/example.beancount",
      "line": 171,
      "account": "Assets:US:ETrade:VEA",
      "currencies": [
        "VEA"
      ],
      "booking": null
    },
    {
      "t": "Open",
      "date": "2022-01-01",
      "meta": [],
      "tags": [],
      "links": [],
      "filename": "[REPO_DIR]/tests/ledgers/example.beancount",
      "line": 172,
      "account": "Assets:US:ETrade:VHT",
      "currencies": [
        "VHT"
      ],
      "booking": null
    },
    {
      "t": "Open",
      "date": "2022-01-01",
      "meta": [],
      "tags": [],
      "links": [],
      "filename": "[REPO_DIR]/tests/ledgers/example.beancount",
      "line": 173,
      "account": "Assets:US:ETrade:GLD",
      "currencies": [
        "GLD"
      ],
      "booking": null
    },
    {
      "t": "Open",
      "date": "2022-01-01",
      "meta": [],
      "tags": [],
      "links": [],
      "filename": "[REPO_DIR]/tests/ledgers/example.beancount",
      "line": 174,
      "account": "Income:US:ETrade:PnL",
      "currencies": [
        "USD"
      ],
      "booking": null
    },
    {
      "t": "Open",
      "date": "2022-01-01",
      "meta": [],
      "tags": [],
      "links": [],
      "filename": "[REPO_DIR]/tests/ledgers/example.beancount",
      "line": 175,
      "account": "Income:US:ETrade:ITOT:Dividend",
      "currencies": [
        "USD"
      ],
      "booking": null
    },
    {
      "t": "Open",
      "date": "2022-01-01",
      "meta": [],
      "tags": [],
      "links": [],
      "filename": "[REPO_DIR]/tests/ledgers/example.beancount",
      "line": 176,
      "account": "Income:US:ETrade:VEA:Dividend",
      "currencies": [
        "USD"
      ],
      "booking": null
    },
    {
      "t": "Open",
      "date": "2022-01-01",
      "meta": [],
      "tags": [],
      "links": [],
      "filename": "[REPO_DIR]/tests/ledgers/example.beancount",
      "line": 177,
      "account": "Income:US:ETrade:VHT:Dividend",
      "currencies": [
        "USD"
      ],
      "booking": null
    },
    {
      "t": "Open",
      "date": "2022-01-01",
      "meta": [],
      "tags": [],
      "links": [],
      "filename": "[REPO_DIR]/tests/ledgers/example.beancount",
      "line": 178,
      "account": "Income:US:ETrade:GLD:Dividend",
      "currencies": [
        "USD"
      ],
      "booking": null
    },
    {
      "t": "Open",
      "date": "2022-01-01",
      "meta": [
        {
          "key": "number",
          "value": {
            "String": "882882"
          }
        }
      ],
      "tags": [],
      "links": [],
      "filename": "[REPO_DIR]/tests/ledgers/example.beancount",
      "line": 184,
      "account": "Assets:US:Vanguard:VBMPX",
      "currencies": [
        "VBMPX"
      ],
      "booking": null
    },
    {
      "t": "Open",
      "date": "2022-01-01",
      "meta": [
        {
          "key": "number",
          "value": {
            "String": "882882"
          }
        }
      ],
      "tags": [],
      "links": [],
      "filename": "[REPO_DIR]/tests/ledgers/example.beancount",
      "line": 186,
      "account": "Assets:US:Vanguard:RGAGX",
      "currencies": [
        "RGAGX"
      ],
      "booking": null
    },
    {
      "t": "Open",
      "date": "2022-01-01",
      "meta": [
        {
          "key": "address",
          "value": {
            "String": "P.O. Box 1110, Valley Forge, PA 19482-1110"
          }
        },
        {
          "key": "institution",
          "value": {
            "String": "Vanguard Group"
          }
        },
        {
          "key": "phone",
          "value": {
            "String": "+1.800.523.1188"
          }
        }
      ],
      "tags": [],
      "links": [],
      "filename": "[REPO_DIR]/tests/ledgers/example.beancount",
      "line": 188,
      "account": "Assets:US:Vanguard",
      "currencies": [
        "USD"
      ],
      "booking": null
    },
    {
      "t": "Open",
      "date": "2022-01-01",
      "meta": [],
      "tags": [],
      "links": [],
      "filename": "[REPO_DIR]/tests/ledgers/example.beancount",
      "line": 192,
      "account": "Income:US:Hooli:Match401k",
      "currencies": [
        "USD"
      ],
      "booking": null
    },
    {
      "t": "Open",
      "date": "2022-01-01",
      "meta": [
        {
          "key": "number",
          "value": {
            "String": "882882"
          }
        }
      ],
      "tags": [],
      "links": [],
      "filename": "[REPO_DIR]/tests/ledgers/example.beancount",
      "line": 193,
      "account": "Assets:US:Vanguard:Cash",
      "currencies": [
        "USD"
      ],
      "booking": null
    },
    {
      "t": "Open",
      "date": "2022-01-01",
      "meta": [],
      "tags": [],
      "links": [],
      "filename": "[REPO_DIR]/tests/ledgers/example.beancount",
      "line": 240,
      "account": "Income:US:Hooli:Salary",
      "currencies": [
        "USD"
      ],
      "booking": null
    },
    {
      "t": "Open",
      "date": "2022-01-01",
      "meta": [],
      "tags": [],
      "links": [],
      "filename": "[REPO_DIR]/tests/ledgers/example.beancount",
      "line": 241,
      "account": "Income:US:Hooli:GroupTermLife",
      "currencies": [
        "USD"
      ],
      "booking": null
    },
    {
      "t": "Open",
      "date": "2022-01-01",
      "meta": [],
      "tags": [],
      "links": [],
      "filename": "[REPO_DIR]/tests/ledgers/example.beancount",
      "line": 242,
      "account": "Income:US:Hooli:Vacation",
      "currencies": [
        "VACHR"
      ],
      "booking": null
    },
    {
      "t": "Open",
      "date": "2022-01-01",
      "meta": [],
      "tags": [],
      "links": [],
      "filename": "[REPO_DIR]/tests/ledgers/example.beancount",
      "line": 243,
      "account": "Assets:US:Hooli:Vacation",
      "currencies": [
        "VACHR"
      ],
      "booking": null
    },
    {
      "t": "Open",
      "date": "2022-01-01",
      "meta": [],
      "tags": [],
      "links": [],
      "filename": "[REPO_DIR]/tests/ledgers/example.beancount",
      "line": 244,
      "account": "Expenses:Vacation",
      "currencies": [
        "VACHR"
      ],
      "booking": null
    },
    {
      "t": "Open",
      "date": "2022-01-01",
      "meta": [],
      "tags": [],
      "links": [],
      "filename": "[REPO_DIR]/tests/ledgers/example.beancount",
      "line": 245,
      "account": "Expenses:Health:Life:GroupTermLife",
      "currencies": [],
      "booking": null
    },
    {
      "t": "Open",
      "date": "2022-01-01",
      "meta": [],
      "tags": [],
      "links": [],
      "filename": "[REPO_DIR]/tests/ledgers/example.beancount",
      "line": 246,
      "account": "Expenses:Health:Medical:Insurance",
      "currencies": [],
      "booking": null
    },
    {
      "t": "Open",
      "date": "2022-01-01",
      "meta": [],
      "tags": [],
      "links": [],
      "filename": "[REPO_DIR]/tests/ledgers/example.beancount",
      "line": 247,
      "account": "Expenses:Health:Dental:Insurance",
      "currencies": [],
      "booking": null
    },
    {
      "t": "Open",
      "date": "2022-01-01",
      "meta": [],
      "tags": [],
      "links": [],
      "filename": "[REPO_DIR]/tests/ledgers/example.beancount",
      "line": 248,
      "account": "Expenses:Health:Vision:Insurance",
      "currencies": [],
      "booking": null
    },
    {
      "t": "Open",
      "date": "2022-01-01",
      "meta": [],
      "tags": [],
      "links": [],
      "filename": "[REPO_DIR]/tests/ledgers/example.beancount",
      "line": 303,
      "account": "Expenses:Taxes:Y2022:US:Federal:PreTax401k",
      "currencies": [
        "IRAUSD"
      ],
      "booking": null
    },
    {
      "t": "Open",
      "date": "2022-01-01",
      "meta": [],
      "tags": [],
      "links": [],
      "filename": "[REPO_DIR]/tests/ledgers/example.beancount",
      "line": 304,
      "account": "Expenses:Taxes:Y2022:US:Medicare",
      "currencies": [
        "USD"
      ],
      "booking": null
    },
    {
      "t": "Open",
      "date": "2022-01-01",
      "meta": [],
      "tags": [],
      "links": [],
      "filename": "[REPO_DIR]/tests/ledgers/example.beancount",
      "line": 305,
      "account": "Expenses:Taxes:Y2022:US:Federal",
      "currencies": [
        "USD"
      ],
      "booking": null
    },
    {
      "t": "Open",
      "date": "2022-01-01",
      "meta": [],
      "tags": [],
      "links": [],
      "filename": "[REPO_DIR]/tests/ledgers/example.beancount",
      "line": 306,
      "account": "Expenses:Taxes:Y2022:US:CityNYC",
      "currencies": [
        "USD"
      ],
      "booking": null
    },
    {
      "t": "Open",
      "date": "2022-01-01",
      "meta": [],
      "tags": [],
      "links": [],
      "filename": "[REPO_DIR]/tests/ledgers/example.beancount",
      "line": 307,
      "account": "Expenses:Taxes:Y2022:US:SDI",
      "currencies": [
        "USD"
      ],
      "booking": null
    },
    {
      "t": "Open",
      "date": "2022-01-01",
      "meta": [],
      "tags": [],
      "links": [],
      "filename": "[REPO_DIR]/tests/ledgers/example.beancount",
      "line": 308,
      "account": "Expenses:Taxes:Y2022:US:State",
      "currencies": [
        "USD"
      ],
      "booking": null
    },
    {
      "t": "Open",
      "date": "2022-01-01",
      "meta": [],
      "tags": [],
      "links": [],
      "filename": "[REPO_DIR]/tests/ledgers/example.beancount",
      "line": 309,
      "account": "Expenses:Taxes:Y2022:US:SocSec",
      "currencies": [
        "USD"
      ],
      "booking": null
    },
    {
      "t": "Balance",
      "date": "2022-01-01",
      "meta": [],
      "tags": [],
      "links": [],
      "filename": "[REPO_DIR]/tests/ledgers/example.beancount",
      "line": 311,
      "account": "Assets:US:Federal:PreTax401k",
      "amount": {
        "number": "0",
        "currency": "IRAUSD"
      },
      "tolerance": null
    },
    {
      "t": "Transaction",
      "date": "2022-01-01",
      "meta": [],
      "tags": [],
      "links": [],
      "filename": "[REPO_DIR]/tests/ledgers/example.beancount",
      "line": 79,
      "flag": "*",
      "payee": null,
      "narration": "Opening Balance for checking account",
      "postings": [
        {
          "filename": "[REPO_DIR]/tests/ledgers/example.beancount",
          "line": 80,
          "meta": [],
          "account": "Assets:US:BofA:Checking",
          "units": {
            "number": "2404.00",
            "currency": "USD"
          },
          "price": null,
          "cost": null,
          "flag": null
        },
        {
          "filename": "[REPO_DIR]/tests/ledgers/example.beancount",
          "line": 81,
          "meta": [],
          "account": "Equity:Opening-Balances",
          "units": {
            "number": "-2404.00",
            "currency": "USD"
          },
          "price": null,
          "cost": null,
          "flag": null
        }
      ]
    },
    {
      "t": "Event",
      "date": "2022-01-01",
      "meta": [],
      "tags": [],
      "links": [],
      "filename": "[REPO_DIR]/tests/ledgers/example.beancount",
      "line": 250,
      "type": "employer",
      "description": "Hooli, 1 Carloston Rd, Mountain Beer, CA"
    },
    {
      "t": "Transaction",
      "date": "2022-01-01",
      "meta": [],
      "tags": [],
      "links": [],
      "filename": "[REPO_DIR]/tests/ledgers/example.beancount",
      "line": 313,
      "flag": "*",
      "payee": null,
      "narration": "Allowed contributions for one year",
      "postings": [
        {
          "filename": "[REPO_DIR]/tests/ledgers/example.beancount",
          "line": 314,
          "meta": [],
          "account": "Income:US:Federal:PreTax401k",
          "units": {
            "number": "-18500",
            "currency": "IRAUSD"
          },
          "price": null,
          "cost": null,
          "flag": null
        },
        {
          "filename": "[REPO_DIR]/tests/ledgers/example.beancount",
          "line": 315,
          "meta": [],
          "account": "Assets:US:Federal:PreTax401k",
          "units": {
            "number": "18500",
            "currency": "IRAUSD"
          },
          "price": null,
          "cost": null,
          "flag": null
        }
      ]
    },
    {
      "t": "Balance",
      "date": "2022-01-02",
      "meta": [],
      "tags": [],
      "links": [],
      "filename": "[REPO_DIR]/tests/ledgers/example.beancount",
      "line": 84,
      "account": "Assets:US:BofA:Checking",
      "amount": {
        "number": "2404.00",
        "currency": "USD"
      },
      "tolerance": null
    },
    {
      "t": "Balance",
      "date": "2022-01-02",
      "meta": [],
      "tags": [],
      "links": [],
      "filename": "[REPO_DIR]/tests/ledgers/example.beancount",
      "line": 86,
      "account": "Assets:US:BofA:Checking",
      "amount": {
        "number": "2404.00",
        "currency": "USD"
      },
      "tolerance": "0.0001"
    },
    {
      "t": "Note",
      "date": "2022-01-02",
      "meta": [],
      "tags": [],
      "links": [],
      "filename": "[REPO_DIR]/tests/ledgers/example.beancount",
      "line": 83,
      "account": "Assets:US:BofA:Checking",
      "comment": "Some note"
    },
    {
      "t": "Balance",
      "date": "2022-01-03",
      "meta": [],
      "tags": [],
      "links": [],
      "filename": "[REPO_DIR]/tests/ledgers/example.beancount",
      "line": 85,
      "account": "Assets:US:BofA:Checking",
      "amount": {
        "number": "2404.00",
        "currency": "USD"
      },
      "tolerance": null
    },
    {
      "t": "Transaction",
      "date": "2022-01-04",
      "meta": [],
      "tags": [],
      "links": [],
      "filename": "[REPO_DIR]/tests/ledgers/example.beancount",
      "line": 88,
      "flag": "*",
      "payee": "BANK FEES",
      "narration": "Monthly bank fee",
      "postings": [
        {
          "filename": "[REPO_DIR]/tests/ledgers/example.beancount",
          "line": 89,
          "meta": [],
          "account": "Assets:US:BofA:Checking",
          "units": {
            "number": "-4.00",
            "currency": "USD"
          },
          "price": null,
          "cost": null,
          "flag": null
        },
        {
          "filename": "[REPO_DIR]/tests/ledgers/example.beancount",
          "line": 90,
          "meta": [],
          "account": "Expenses:Financial:Fees",
          "units": {
            "number": "4.00",
            "currency": "USD"
          },
          "price": null,
          "cost": null,
          "flag": null
        }
      ]
    },
    {
      "t": "Transaction",
      "date": "2022-01-04",
      "meta": [],
      "tags": [],
      "links": [],
      "filename": "[REPO_DIR]/tests/ledgers/example.beancount",
      "line": 92,
      "flag": "*",
      "payee": "RiverBank Properties",
      "narration": "Paying the rent",
      "postings": [
        {
          "filename": "[REPO_DIR]/tests/ledgers/example.beancount",
          "line": 93,
          "meta": [],
          "account": "Assets:US:BofA:Checking",
          "units": {
            "number": "-2400.00",
            "currency": "USD"
          },
          "price": null,
          "cost": null,
          "flag": null
        },
        {
          "filename": "[REPO_DIR]/tests/ledgers/example.beancount",
          "line": 94,
          "meta": [],
          "account": "Expenses:Home:Rent",
          "units": {
            "number": "2400.00",
            "currency": "USD"
          },
          "price": null,
          "cost": null,
          "flag": null
        }
      ]
    },
    {
      "t": "Transaction",
      "date": "2022-01-04",
      "meta": [],
      "tags": [],
      "links": [],
      "filename": "[REPO_DIR]/tests/ledgers/example.beancount",
      "line": 115,
      "flag": "*",
      "payee": "Rose Flower",
      "narration": "Eating out alone",
      "postings": [
        {
          "filename": "[REPO_DIR]/tests/ledgers/example.beancount",
          "line": 116,
          "meta": [],
          "account": "Liabilities:US:Chase:Slate",
          "units": {
            "number": "-12.81",
            "currency": "USD"
          },
          "price": null,
          "cost": null,
          "flag": null
        },
        {
          "filename": "[REPO_DIR]/tests/ledgers/example.beancount",
          "line": 117,
          "meta": [],
          "account": "Expenses:Food:Restaurant",
          "units": {
            "number": "12.81",
            "currency": "USD"
          },
          "price": null,
          "cost": null,
          "flag": null
        }
      ]
    },
    {
      "t": "Transaction",
      "date": "2022-01-06",
      "meta": [],
      "tags": [],
      "links": [],
      "filename": "[REPO_DIR]/tests/ledgers/example.beancount",
      "line": 252,
      "flag": "*",
      "payee": "Hooli",
      "narration": "Payroll",
      "postings": [
        {
          "filename": "[REPO_DIR]/tests/ledgers/example.beancount",
          "line": 253,
          "meta": [],
          "account": "Assets:US:BofA:Checking",
          "units": {
            "number": "1350.60",
            "currency": "USD"
          },
          "price": null,
          "cost": null,
          "flag": null
        },
        {
          "filename": "[REPO_DIR]/tests/ledgers/example.beancount",
          "line": 254,
          "meta": [],
          "account": "Assets:US:Vanguard:Cash",
          "units": {
            "number": "1200.00",
            "currency": "USD"
          },
          "price": null,
          "cost": null,
          "flag": null
        },
        {
          "filename": "[REPO_DIR]/tests/ledgers/example.beancount",
          "line": 255,
          "meta": [],
          "account": "Income:US:Hooli:Salary",
          "units": {
            "number": "-4615.38",
            "currency": "USD"
          },
          "price": null,
          "cost": null,
          "flag": null
        },
        {
          "filename": "[REPO_DIR]/tests/ledgers/example.beancount",
          "line": 256,
          "meta": [],
          "account": "Income:US:Hooli:GroupTermLife",
          "units": {
            "number": "-24.32",
            "currency": "USD"
          },
          "price": null,
          "cost": null,
          "flag": null
        },
        {
          "filename": "[REPO_DIR]/tests/ledgers/example.beancount",
          "line": 257,
          "meta": [],
          "account": "Expenses:Health:Life:GroupTermLife",
          "units": {
            "number": "24.32",
            "currency": "USD"
          },
          "price": null,
          "cost": null,
          "flag": null
        },
        {
          "filename": "[REPO_DIR]/tests/ledgers/example.beancount",
          "line": 258,
          "meta": [],
          "account": "Expenses:Health:Dental:Insurance",
          "units": {
            "number": "2.90",
            "currency": "USD"
          },
          "price": null,
          "cost": null,
          "flag": null
        },
        {
          "filename": "[REPO_DIR]/tests/ledgers/example.beancount",
          "line": 259,
          "meta": [],
          "account": "Expenses:Health:Medical:Insurance",
          "units": {
            "number": "27.38",
            "currency": "USD"
          },
          "price": null,
          "cost": null,
          "flag": null
        },
        {
          "filename": "[REPO_DIR]/tests/ledgers/example.beancount",
          "line": 260,
          "meta": [],
          "account": "Expenses:Health:Vision:Insurance",
          "units": {
            "number": "42.30",
            "currency": "USD"
          },
          "price": null,
          "cost": null,
          "flag": null
        },
        {
          "filename": "[REPO_DIR]/tests/ledgers/example.beancount",
          "line": 261,
          "meta": [],
          "account": "Expenses:Taxes:Y2022:US:Medicare",
          "units": {
            "number": "106.62",
            "currency": "USD"
          },
          "price": null,
          "cost": null,
          "flag": null
        },
        {
          "filename": "[REPO_DIR]/tests/ledgers/example.beancount",
          "line": 262,
          "meta": [],
          "account": "Expenses:Taxes:Y2022:US:Federal",
          "units": {
            "number": "1062.92",
            "currency": "USD"
          },
          "price": null,
          "cost": null,
          "flag": null
        },
        {
          "filename": "[REPO_DIR]/tests/ledgers/example.beancount",
          "line": 263,
          "meta": [],
          "account": "Expenses:Taxes:Y2022:US:State",
          "units": {
            "number": "365.08",
            "currency": "USD"
          },
          "price": null,
          "cost": null,
          "flag": null
        },
        {
          "filename": "[REPO_DIR]/tests/ledgers/example.beancount",
          "line": 264,
          "meta": [],
          "account": "Expenses:Taxes:Y2022:US:CityNYC",
          "units": {
            "number": "174.92",
            "currency": "USD"
          },
          "price": null,
          "cost": null,
          "flag": null
        },
        {
          "filename": "[REPO_DIR]/tests/ledgers/example.beancount",
          "line": 265,
          "meta": [],
          "account": "Expenses:Taxes:Y2022:US:SDI",
          "units": {
            "number": "1.12",
            "currency": "USD"
          },
          "price": null,
          "cost": null,
          "flag": null
        },
        {
          "filename": "[REPO_DIR]/tests/ledgers/example.beancount",
          "line": 266,
          "meta": [],
          "account": "Expenses:Taxes:Y2022:US:SocSec",
          "units": {
            "number": "281.54",
            "currency": "USD"
          },
          "price": null,
          "cost": null,
          "flag": null
        },
        {
          "filename": "[REPO_DIR]/tests/ledgers/example.beancount",
          "line": 267,
          "meta": [],
          "account": "Assets:US:Federal:PreTax401k",
          "units": {
            "number": "-1200.00",
            "currency": "IRAUSD"
          },
          "price": null,
          "cost": null,
          "flag": null
        },
        {
          "filename": "[REPO_DIR]/tests/ledgers/example.beancount",
          "line": 268,
          "meta": [],
          "account": "Expenses:Taxes:Y2022:US:Federal:PreTax401k",
          "units": {
            "number": "1200.00",
            "currency": "IRAUSD"
          },
          "price": null,
          "cost": null,
          "flag": null
        },
        {
          "filename": "[REPO_DIR]/tests/ledgers/example.beancount",
          "line": 269,
          "meta": [],
          "account": "Assets:US:Hooli:Vacation",
          "units": {
            "number": "5",
            "currency": "VACHR"
          },
          "price": null,
          "cost": null,
          "flag": null
        },
        {
          "filename": "[REPO_DIR]/tests/ledgers/example.beancount",
          "line": 270,
          "meta": [],
          "account": "Income:US:Hooli:Vacation",
          "units": {
            "number": "-5",
            "currency": "VACHR"
          },
          "price": null,
          "cost": null,
          "flag": null
        }
      ]
    },
    {
      "t": "Transaction",
      "date": "2022-01-07",
      "meta": [],
      "tags": [],
      "links": [],
      "filename": "[REPO_DIR]/tests/ledgers/example.beancount",
      "line": 119,
      "flag": "*",
      "payee": "Cafe Modagor",
      "narration": "Eating out with Natasha",
      "postings": [
        {
          "filename": "[REPO_DIR]/tests/ledgers/example.beancount",
          "line": 120,
          "meta": [],
          "account": "Liabilities:US:Chase:Slate",
          "units": {
            "number": "-27.74",
            "currency": "USD"
          },
          "price": null,
          "cost": null,
          "flag": null
        },
        {
          "filename": "[REPO_DIR]/tests/ledgers/example.beancount",
          "line": 121,
          "meta": [],
          "account": "Expenses:Food:Restaurant",
          "units": {
            "number": "27.74",
            "currency": "USD"
          },
          "price": null,
          "cost": null,
          "flag": null
        }
      ]
    },
    {
      "t": "Transaction",
      "date": "2022-01-07",
      "meta": [],
      "tags": [],
      "links": [],
      "filename": "[REPO_DIR]/tests/ledgers/example.beancount",
      "line": 196,
      "flag": "*",
      "payee": null,
      "narration": "Employer match for contribution",
      "postings": [
        {
          "filename": "[REPO_DIR]/tests/ledgers/example.beancount",
          "line": 197,
          "meta": [],
          "account": "Assets:US:Vanguard:Cash",
          "units": {
            "number": "600.00",
            "currency": "USD"
          },
          "price": null,
          "cost": null,
          "flag": null
        },
        {
          "filename": "[REPO_DIR]/tests/ledgers/example.beancount",
          "line": 198,
          "meta": [],
          "account": "Income:US:Hooli:Match401k",
          "units": {
            "number": "-600.00",
            "currency": "USD"
          },
          "price": null,
          "cost": null,
          "flag": null
        }
      ]
    },
    {
      "t": "Price",
      "date": "2022-01-07",
      "meta": [],
      "tags": [],
      "links": [],
      "filename": "[REPO_DIR]/tests/ledgers/example.beancount",
      "line": 337,
      "currency": "VBMPX",
      "amount": {
        "number": "120.91",
        "currency": "USD"
      }
    },
    {
      "t": "Price",
      "date": "2022-01-07",
      "meta": [],
      "tags": [],
      "links": [],
      "filename": "[REPO_DIR]/tests/ledgers/example.beancount",
      "line": 338,
      "currency": "RGAGX",
      "amount": {
        "number": "72.76",
        "currency": "USD"
      }
    },
    {
      "t": "Price",
      "date": "2022-01-07",
      "meta": [],
      "tags": [],
      "links": [],
      "filename": "[REPO_DIR]/tests/ledgers/example.beancount",
      "line": 339,
      "currency": "ITOT",
      "amount": {
        "number": "75.18",
        "currency": "USD"
      }
    },
    {
      "t": "Price",
      "date": "2022-01-07",
      "meta": [],
      "tags": [],
      "links": [],
      "filename": "[REPO_DIR]/tests/ledgers/example.beancount",
      "line": 340,
      "currency": "VEA",
      "amount": {
        "number": "100.89",
        "currency": "USD"
      }
    },
    {
      "t": "Price",
      "date": "2022-01-07",
      "meta": [],
      "tags": [],
      "links": [],
      "filename": "[REPO_DIR]/tests/ledgers/example.beancount",
      "line": 341,
      "currency": "VHT",
      "amount": {
        "number": "68.24",
        "currency": "USD"
      }
    },
    {
      "t": "Price",
      "date": "2022-01-07",
      "meta": [],
      "tags": [],
      "links": [],
      "filename": "[REPO_DIR]/tests/ledgers/example.beancount",
      "line": 342,
      "currency": "GLD",
      "amount": {
        "number": "46.78",
        "currency": "USD"
      }
    },
    {
      "t": "Transaction",
      "date": "2022-01-08",
      "meta": [],
      "tags": [],
      "links": [],
      "filename": "[REPO_DIR]/tests/ledgers/example.beancount",
      "line": 123,
      "flag": "*",
      "payee": "Farmer Fresh",
      "narration": "Buying groceries",
      "postings": [
        {
          "filename": "[REPO_DIR]/tests/ledgers/example.beancount",
          "line": 124,
          "meta": [],
          "account": "Liabilities:US:Chase:Slate",
          "units": {
            "number": "-70.30",
            "currency": "USD"
          },
          "price": null,
          "cost": null,
          "flag": null
        },
        {
          "filename": "[REPO_DIR]/tests/ledgers/example.beancount",
          "line": 125,
          "meta": [],
          "account": "Expenses:Food:Groceries",
          "units": {
            "number": "70.30",
            "currency": "USD"
          },
          "price": null,
          "cost": null,
          "flag": null
        }
      ]
    },
    {
      "t": "Transaction",
      "date": "2022-01-09",
      "meta": [],
      "tags": [],
      "links": [],
      "filename": "[REPO_DIR]/tests/ledgers/example.beancount",
      "line": 96,
      "flag": "*",
      "payee": "EDISON POWER",
      "narration": "",
      "postings": [
        {
          "filename": "[REPO_DIR]/tests/ledgers/example.beancount",
          "line": 97,
          "meta": [],
          "account": "Assets:US:BofA:Checking",
          "units": {
            "number": "-65.00",
            "currency": "USD"
          },
          "price": null,
          "cost": null,
          "flag": null
        },
        {
          "filename": "[REPO_DIR]/tests/ledgers/example.beancount",
          "line": 98,
          "meta": [],
          "account": "Expenses:Home:Electricity",
          "units": {
            "number": "65.00",
            "currency": "USD"
          },
          "price": null,
          "cost": null,
          "flag": null
        }
      ]
    },
    {
      "t": "Transaction",
      "date": "2022-01-10",
      "meta": [],
      "tags": [],
      "links": [],
      "filename": "[REPO_DIR]/tests/ledgers/example.beancount",
      "line": 200,
      "flag": "*",
      "payee": null,
      "narration": "Investing 40% of cash in VBMPX",
      "postings": [
        {
          "filename": "[REPO_DIR]/tests/ledgers/example.beancount",
          "line": 201,
          "meta": [],
          "account": "Assets:US:Vanguard:VBMPX",
          "units": {
            "number": "3.970",
            "currency": "VBMPX"
          },
          "price": null,
          "cost": {
            "number": "120.91",
            "currency": "USD",
            "date": "2022-01-10",
            "label": null
          },
          "flag": null
        },
        {
          "filename": "[REPO_DIR]/tests/ledgers/example.beancount",
          "line": 202,
          "meta": [],
          "account": "Assets:US:Vanguard:Cash",
          "units": {
            "number": "-480.01",
            "currency": "USD"
          },
          "price": null,
          "cost": null,
          "flag": null
        }
      ]
    },
    {
      "t": "Transaction",
      "date": "2022-01-10",
      "meta": [],
      "tags": [],
      "links": [],
      "filename": "[REPO_DIR]/tests/ledgers/example.beancount",
      "line": 204,
      "flag": "*",
      "payee": null,
      "narration": "Investing 60% of cash in RGAGX",
      "postings": [
        {
          "filename": "[REPO_DIR]/tests/ledgers/example.beancount",
          "line": 205,
          "meta": [],
          "account": "Assets:US:Vanguard:RGAGX",
          "units": {
            "number": "9.896",
            "currency": "RGAGX"
          },
          "price": null,
          "cost": {
            "number": "72.76",
            "currency": "USD",
            "date": "2022-01-10",
            "label": null
          },
          "flag": null
        },
        {
          "filename": "[REPO_DIR]/tests/ledgers/example.beancount",
          "line": 206,
          "meta": [],
          "account": "Assets:US:Vanguard:Cash",
          "units": {
            "number": "-720.03",
            "currency": "USD"
          },
          "price": null,
          "cost": null,
          "flag": null
        }
      ]
    },
    {
      "t": "Transaction",
      "date": "2022-01-10",
      "meta": [],
      "tags": [],
      "links": [],
      "filename": "[REPO_DIR]/tests/ledgers/example.beancount",
      "line": 208,
      "flag": "*",
      "payee": null,
      "narration": "Investing 40% of cash in VBMPX",
      "postings": [
        {
          "filename": "[REPO_DIR]/tests/ledgers/example.beancount",
          "line": 209,
          "meta": [],
          "account": "Assets:US:Vanguard:VBMPX",
          "units": {
            "number": "1.985",
            "currency": "VBMPX"
          },
          "price": null,
          "cost": {
            "number": "120.91",
            "currency": "USD",
            "date": "2022-01-10",
            "label": null
          },
          "flag": null
        },
        {
          "filename": "[REPO_DIR]/tests/ledgers/example.beancount",
          "line": 210,
          "meta": [],
          "account": "Assets:US:Vanguard:Cash",
          "units": {
            "number": "-240.01",
            "currency": "USD"
          },
          "price": null,
          "cost": null,
          "flag": null
        }
      ]
    },
    {
      "t": "Transaction",
      "date": "2022-01-10",
      "meta": [],
      "tags": [],
      "links": [],
      "filename": "[REPO_DIR]/tests/ledgers/example.beancount",
      "line": 212,
      "flag": "*",
      "payee": null,
      "narration": "Investing 60% of cash in RGAGX",
      "postings": [
        {
          "filename": "[REPO_DIR]/tests/ledgers/example.beancount",
          "line": 213,
          "meta": [],
          "account": "Assets:US:Vanguard:RGAGX",
          "units": {
            "number": "4.947",
            "currency": "RGAGX"
          },
          "price": null,
          "cost": {
            "number": "72.76",
            "currency": "USD",
            "date": "2022-01-10",
            "label": null
          },
          "flag": null
        },
        {
          "filename": "[REPO_DIR]/tests/ledgers/example.beancount",
          "line": 214,
          "meta": [],
          "account": "Assets:US:Vanguard:Cash",
          "units": {
            "number": "-359.94",
            "currency": "USD"
          },
          "price": null,
          "cost": null,
          "flag": null
        }
      ]
    },
    {
      "t": "Transaction",
      "date": "2022-01-12",
      "meta": [],
      "tags": [],
      "links": [],
      "filename": "[REPO_DIR]/tests/ledgers/example.beancount",
      "line": 127,
      "flag": "*",
      "payee": "Goba Goba",
      "narration": "Eating out ",
      "postings": [
        {
          "filename": "[REPO_DIR]/tests/ledgers/example.beancount",
          "line": 128,
          "meta": [],
          "account": "Liabilities:US:Chase:Slate",
          "units": {
            "number": "-28.94",
            "currency": "USD"
          },
          "price": null,
          "cost": null,
          "flag": null
        },
        {
          "filename": "[REPO_DIR]/tests/ledgers/example.beancount",
          "line": 129,
          "meta": [],
          "account": "Expenses:Food:Restaurant",
          "units": {
            "number": "28.94",
            "currency": "USD"
          },
          "price": null,
          "cost": null,
          "flag": null
        }
      ]
    },
    {
      "t": "Price",
      "date": "2022-01-14",
      "meta": [],
      "tags": [],
      "links": [],
      "filename": "[REPO_DIR]/tests/ledgers/example.beancount",
      "line": 343,
      "currency": "VBMPX",
      "amount": {
        "number": "122.29",
        "currency": "USD"
      }
    },
    {
      "t": "Price",
      "date": "2022-01-14",
      "meta": [],
      "tags": [],
      "links": [],
      "filename": "[REPO_DIR]/tests/ledgers/example.beancount",
      "line": 344,
      "currency": "RGAGX",
      "amount": {
        "number": "72.79",
        "currency": "USD"
      }
    },
    {
      "t": "Price",
      "date": "2022-01-14",
      "meta": [],
      "tags": [],
      "links": [],
      "filename": "[REPO_DIR]/tests/ledgers/example.beancount",
      "line": 345,
      "currency": "ITOT",
      "amount": {
        "number": "75.40",
        "currency": "USD"
      }
    },
    {
      "t": "Price",
      "date": "2022-01-14",
      "meta": [],
      "tags": [],
      "links": [],
      "filename": "[REPO_DIR]/tests/ledgers/example.beancount",
      "line": 346,
      "currency": "VEA",
      "amount": {
        "number": "99.94",
        "currency": "USD"
      }
    },
    {
      "t": "Price",
      "date": "2022-01-14",
      "meta": [],
      "tags": [],
      "links": [],
      "filename": "[REPO_DIR]/tests/ledgers/example.beancount",
      "line": 347,
      "currency": "VHT",
      "amount": {
        "number": "67.69",
        "currency": "USD"
      }
    },
    {
      "t": "Price",
      "date": "2022-01-14",
      "meta": [],
      "tags": [],
      "links": [],
      "filename": "[REPO_DIR]/tests/ledgers/example.beancount",
      "line": 348,
      "currency": "GLD",
      "amount": {
        "number": "47.21",
        "currency": "USD"
      }
    },
    {
      "t": "Transaction",
      "date": "2022-01-16",
      "meta": [],
      "tags": [],
      "links": [],
      "filename": "[REPO_DIR]/tests/ledgers/example.beancount",
      "line": 131,
      "flag": "*",
      "payee": "Chichipotle",
      "narration": "Eating out with Joe",
      "postings": [
        {
          "filename": "[REPO_DIR]/tests/ledgers/example.beancount",
          "line": 132,
          "meta": [],
          "account": "Liabilities:US:Chase:Slate",
          "units": {
            "number": "-40.83",
            "currency": "USD"
          },
          "price": null,
          "cost": null,
          "flag": null
        },
        {
          "filename": "[REPO_DIR]/tests/ledgers/example.beancount",
          "line": 133,
          "meta": [],
          "account": "Expenses:Food:Restaurant",
          "units": {
            "number": "40.83",
            "currency": "USD"
          },
          "price": null,
          "cost": null,
          "flag": null
        }
      ]
    },
    {
      "t": "Transaction",
      "date": "2022-01-17",
      "meta": [],
      "tags": [],
      "links": [],
      "filename": "[REPO_DIR]/tests/ledgers/example.beancount",
      "line": 135,
      "flag": "*",
      "payee": "Rose Flower",
      "narration": "Eating out ",
      "postings": [
        {
          "filename": "[REPO_DIR]/tests/ledgers/example.beancount",
          "line": 136,
          "meta": [],
          "account": "Liabilities:US:Chase:Slate",
          "units": {
            "number": "-36.15",
            "currency": "USD"
          },
          "price": null,
          "cost": null,
          "flag": null
        },
        {
          "filename": "[REPO_DIR]/tests/ledgers/example.beancount",
          "line": 137,
          "meta": [],
          "account": "Expenses:Food:Restaurant",
          "units": {
            "number": "36.15",
            "currency": "USD"
          },
          "price": null,
          "cost": null,
          "flag": null
        }
      ]
    },
    {
      "t": "Transaction",
      "date": "2022-01-19",
      "meta": [],
      "tags": [],
      "links": [],
      "filename": "[REPO_DIR]/tests/ledgers/example.beancount",
      "line": 100,
      "flag": "*",
      "payee": "Verizon Wireless",
      "narration": "",
      "postings": [
        {
          "filename": "[REPO_DIR]/tests/ledgers/example.beancount",
          "line": 101,
          "meta": [],
          "account": "Assets:US:BofA:Checking",
          "units": {
            "number": "-77.11",
            "currency": "USD"
          },
          "price": null,
          "cost": null,
          "flag": null
        },
        {
          "filename": "[REPO_DIR]/tests/ledgers/example.beancount",
          "line": 102,
          "meta": [],
          "account": "Expenses:Home:Phone",
          "units": {
            "number": "77.11",
            "currency": "USD"
          },
          "price": null,
          "cost": null,
          "flag": null
        }
      ]
    },
    {
      "t": "Transaction",
      "date": "2022-01-20",
      "meta": [],
      "tags": [],
      "links": [],
      "filename": "[REPO_DIR]/tests/ledgers/example.beancount",
      "line": 272,
      "flag": "*",
      "payee": "Hooli",
      "narration": "Payroll",
      "postings": [
        {
          "filename": "[REPO_DIR]/tests/ledgers/example.beancount",
          "line": 273,
          "meta": [],
          "account": "Assets:US:BofA:Checking",
          "units": {
            "number": "1350.60",
            "currency": "USD"
          },
          "price": null,
          "cost": null,
          "flag": null
        },
        {
          "filename": "[REPO_DIR]/tests/ledgers/example.beancount",
          "line": 274,
          "meta": [],
          "account": "Assets:US:Vanguard:Cash",
          "units": {
            "number": "1200.00",
            "currency": "USD"
          },
          "price": null,
          "cost": null,
          "flag": null
        },
        {
          "filename": "[REPO_DIR]/tests/ledgers/example.beancount",
          "line": 275,
          "meta": [],
          "account": "Income:US:Hooli:Salary",
          "units": {
            "number": "-4615.38",
            "currency": "USD"
          },
          "price": null,
          "cost": null,
          "flag": null
        },
        {
          "filename": "[REPO_DIR]/tests/ledgers/example.beancount",
          "line": 276,
          "meta": [],
          "account": "Income:US:Hooli:GroupTermLife",
          "units": {
            "number": "-24.32",
            "currency": "USD"
          },
          "price": null,
          "cost": null,
          "flag": null
        },
        {
          "filename": "[REPO_DIR]/tests/ledgers/example.beancount",
          "line": 277,
          "meta": [],
          "account": "Expenses:Health:Life:GroupTermLife",
          "units": {
            "number": "24.32",
            "currency": "USD"
          },
          "price": null,
          "cost": null,
          "flag": null
        },
        {
          "filename": "[REPO_DIR]/tests/ledgers/example.beancount",
          "line": 278,
          "meta": [],
          "account": "Expenses:Health:Dental:Insurance",
          "units": {
            "number": "2.90",
            "currency": "USD"
          },
          "price": null,
          "cost": null,
          "flag": null
        },
        {
          "filename": "[REPO_DIR]/tests/ledgers/example.beancount",
          "line": 279,
          "meta": [],
          "account": "Expenses:Health:Medical:Insurance",
          "units": {
            "number": "27.38",
            "currency": "USD"
          },
          "price": null,
          "cost": null,
          "flag": null
        },
        {
          "filename": "[REPO_DIR]/tests/ledgers/example.beancount",
          "line": 280,
          "meta": [],
          "account": "Expenses:Health:Vision:Insurance",
          "units": {
            "number": "42.30",
            "currency": "USD"
          },
          "price": null,
          "cost": null,
          "flag": null
        },
        {
          "filename": "[REPO_DIR]/tests/ledgers/example.beancount",
          "line": 281,
          "meta": [],
          "account": "Expenses:Taxes:Y2022:US:Medicare",
          "units": {
            "number": "106.62",
            "currency": "USD"
          },
          "price": null,
          "cost": null,
          "flag": null
        },
        {
          "filename": "[REPO_DIR]/tests/ledgers/example.beancount",
          "line": 282,
          "meta": [],
          "account": "Expenses:Taxes:Y2022:US:Federal",
          "units": {
            "number": "1062.92",
            "currency": "USD"
          },
          "price": null,
          "cost": null,
          "flag": null
        },
        {
          "filename": "[REPO_DIR]/tests/ledgers/example.beancount",
          "line": 283,
          "meta": [],
          "account": "Expenses:Taxes:Y2022:US:State",
          "units": {
            "number": "365.08",
            "currency": "USD"
          },
          "price": null,
          "cost": null,
          "flag": null
        },
        {
          "filename": "[REPO_DIR]/tests/ledgers/example.beancount",
          "line": 284,
          "meta": [],
          "account": "Expenses:Taxes:Y2022:US:CityNYC",
          "units": {
            "number": "174.92",
            "currency": "USD"
          },
          "price": null,
          "cost": null,
          "flag": null
        },
        {
          "filename": "[REPO_DIR]/tests/ledgers/example.beancount",
          "line": 285,
          "meta": [],
          "account": "Expenses:Taxes:Y2022:US:SDI",
          "units": {
            "number": "1.12",
            "currency": "USD"
          },
          "price": null,
          "cost": null,
          "flag": null
        },
        {
          "filename": "[REPO_DIR]/tests/ledgers/example.beancount",
          "line": 286,
          "meta": [],
          "account": "Expenses:Taxes:Y2022:US:SocSec",
          "units": {
            "number": "281.54",
            "currency": "USD"
          },
          "price": null,
          "cost": null,
          "flag": null
        },
        {
          "filename": "[REPO_DIR]/tests/ledgers/example.beancount",
          "line": 287,
          "meta": [],
          "account": "Assets:US:Federal:PreTax401k",
          "units": {
            "number": "-1200.00",
            "currency": "IRAUSD"
          },
          "price": null,
          "cost": null,
          "flag": null
        },
        {
          "filename": "[REPO_DIR]/tests/ledgers/example.beancount",
          "line": 288,
          "meta": [],
          "account": "Expenses:Taxes:Y2022:US:Federal:PreTax401k",
          "units": {
            "number": "1200.00",
            "currency": "IRAUSD"
          },
          "price": null,
          "cost": null,
          "flag": null
        },
        {
          "filename": "[REPO_DIR]/tests/ledgers/example.beancount",
          "line": 289,
          "meta": [],
          "account": "Assets:US:Hooli:Vacation",
          "units": {
            "number": "5",
            "currency": "VACHR"
          },
          "price": null,
          "cost": null,
          "flag": null
        },
        {
          "filename": "[REPO_DIR]/tests/ledgers/example.beancount",
          "line": 290,
          "meta": [],
          "account": "Income:US:Hooli:Vacation",
          "units": {
            "number": "-5",
            "currency": "VACHR"
          },
          "price": null,
          "cost": null,
          "flag": null
        }
      ]
    },
    {
      "t": "Transaction",
      "date": "2022-01-21",
      "meta": [],
      "tags": [],
      "links": [],
      "filename": "[REPO_DIR]/tests/ledgers/example.beancount",
      "line": 104,
      "flag": "*",
      "payee": "Wine-Tarner Cable",
      "narration": "",
      "postings": [
        {
          "filename": "[REPO_DIR]/tests/ledgers/example.beancount",
          "line": 105,
          "meta": [],
          "account": "Assets:US:BofA:Checking",
          "units": {
            "number": "-79.84",
            "currency": "USD"
          },
          "price": null,
          "cost": null,
          "flag": null
        },
        {
          "filename": "[REPO_DIR]/tests/ledgers/example.beancount",
          "line": 106,
          "meta": [],
          "account": "Expenses:Home:Internet",
          "units": {
            "number": "79.84",
            "currency": "USD"
          },
          "price": null,
          "cost": null,
          "flag": null
        }
      ]
    },
    {
      "t": "Transaction",
      "date": "2022-01-21",
      "meta": [],
      "tags": [],
      "links": [],
      "filename": "[REPO_DIR]/tests/ledgers/example.beancount",
      "line": 216,
      "flag": "*",
      "payee": null,
      "narration": "Employer match for contribution",
      "postings": [
        {
          "filename": "[REPO_DIR]/tests/ledgers/example.beancount",
          "line": 217,
          "meta": [],
          "account": "Assets:US:Vanguard:Cash",
          "units": {
            "number": "600.00",
            "currency": "USD"
          },
          "price": null,
          "cost": null,
          "flag": null
        },
        {
          "filename": "[REPO_DIR]/tests/ledgers/example.beancount",
          "line": 218,
          "meta": [],
          "account": "Income:US:Hooli:Match401k",
          "units": {
            "number": "-600.00",
            "currency": "USD"
          },
          "price": null,
          "cost": null,
          "flag": null
        }
      ]
    },
    {
      "t": "Price",
      "date": "2022-01-21",
      "meta": [],
      "tags": [],
      "links": [],
      "filename": "[REPO_DIR]/tests/ledgers/example.beancount",
      "line": 349,
      "currency": "VBMPX",
      "amount": {
        "number": "122.94",
        "currency": "USD"
      }
    },
    {
      "t": "Price",
      "date": "2022-01-21",
      "meta": [],
      "tags": [],
      "links": [],
      "filename": "[REPO_DIR]/tests/ledgers/example.beancount",
      "line": 350,
      "currency": "RGAGX",
      "amount": {
        "number": "72.72",
        "currency": "USD"
      }
    },
    {
      "t": "Price",
      "date": "2022-01-21",
      "meta": [],
      "tags": [],
      "links": [],
      "filename": "[REPO_DIR]/tests/ledgers/example.beancount",
      "line": 351,
      "currency": "ITOT",
      "amount": {
        "number": "77.37",
        "currency": "USD"
      }
    },
    {
      "t": "Price",
      "date": "2022-01-21",
      "meta": [],
      "tags": [],
      "links": [],
      "filename": "[REPO_DIR]/tests/ledgers/example.beancount",
      "line": 352,
      "currency": "VEA",
      "amount": {
        "number": "100.70",
        "currency": "USD"
      }
    },
    {
      "t": "Price",
      "date": "2022-01-21",
      "meta": [],
      "tags": [],
      "links": [],
      "filename": "[REPO_DIR]/tests/ledgers/example.beancount",
      "line": 353,
      "currency": "VHT",
      "amount": {
        "number": "68.03",
        "currency": "USD"
      }
    },
    {
      "t": "Price",
      "date": "2022-01-21",
      "meta": [],
      "tags": [],
      "links": [],
      "filename": "[REPO_DIR]/tests/ledgers/example.beancount",
      "line": 354,
      "currency": "GLD",
      "amount": {
        "number": "45.38",
        "currency": "USD"
      }
    },
    {
      "t": "Balance",
      "date": "2022-01-22",
      "meta": [],
      "tags": [],
      "links": [],
      "filename": "[REPO_DIR]/tests/ledgers/example.beancount",
      "line": 139,
      "account": "Liabilities:US:Chase:Slate",
      "amount": {
        "number": "-216.77",
        "currency": "USD"
      },
      "tolerance": null
    },
    {
      "t": "Transaction",
      "date": "2022-01-22",
      "meta": [],
      "tags": [],
      "links": [],
      "filename": "[REPO_DIR]/tests/ledgers/example.beancount",
      "line": 141,
      "flag": "*",
      "payee": "Jewel of Morroco",
      "narration": "Eating out ",
      "postings": [
        {
          "filename": "[REPO_DIR]/tests/ledgers/example.beancount",
          "line": 142,
          "meta": [],
          "account": "Liabilities:US:Chase:Slate",
          "units": {
            "number": "-30.13",
            "currency": "USD"
          },
          "price": null,
          "cost": null,
          "flag": null
        },
        {
          "filename": "[REPO_DIR]/tests/ledgers/example.beancount",
          "line": 143,
          "meta": [],
          "account": "Expenses:Food:Restaurant",
          "units": {
            "number": "30.13",
            "currency": "USD"
          },
          "price": null,
          "cost": null,
          "flag": null
        }
      ]
    },
    {
      "t": "Transaction",
      "date": "2022-01-24",
      "meta": [],
      "tags": [],
      "links": [],
      "filename": "[REPO_DIR]/tests/ledgers/example.beancount",
      "line": 145,
      "flag": "*",
      "payee": "Corner Deli",
      "narration": "Buying groceries",
      "postings": [
        {
          "filename": "[REPO_DIR]/tests/ledgers/example.beancount",
          "line": 146,
          "meta": [],
          "account": "Liabilities:US:Chase:Slate",
          "units": {
            "number": "-82.93",
            "currency": "USD"
          },
          "price": null,
          "cost": null,
          "flag": null
        },
        {
          "filename": "[REPO_DIR]/tests/ledgers/example.beancount",
          "line": 147,
          "meta": [],
          "account": "Expenses:Food:Groceries",
          "units": {
            "number": "82.93",
            "currency": "USD"
          },
          "price": null,
          "cost": null,
          "flag": null
        }
      ]
    },
    {
      "t": "Transaction",
      "date": "2022-01-24",
      "meta": [],
      "tags": [],
      "links": [],
      "filename": "[REPO_DIR]/tests/ledgers/example.beancount",
      "line": 220,
      "flag": "*",
      "payee": null,
      "narration": "Investing 40% of cash in VBMPX",
      "postings": [
        {
          "filename": "[REPO_DIR]/tests/ledgers/example.beancount",
          "line": 221,
          "meta": [],
          "account": "Assets:US:Vanguard:VBMPX",
          "units": {
            "number": "3.904",
            "currency": "VBMPX"
          },
          "price": null,
          "cost": {
            "number": "122.94",
            "currency": "USD",
            "date": "2022-01-24",
            "label": null
          },
          "flag": null
        },
        {
          "filename": "[REPO_DIR]/tests/ledgers/example.beancount",
          "line": 222,
          "meta": [],
          "account": "Assets:US:Vanguard:Cash",
          "units": {
            "number": "-479.96",
            "currency": "USD"
          },
          "price": null,
          "cost": null,
          "flag": null
        }
      ]
    },
    {
      "t": "Transaction",
      "date": "2022-01-24",
      "meta": [],
      "tags": [],
      "links": [],
      "filename": "[REPO_DIR]/tests/ledgers/example.beancount",
      "line": 224,
      "flag": "*",
      "payee": null,
      "narration": "Investing 60% of cash in RGAGX",
      "postings": [
        {
          "filename": "[REPO_DIR]/tests/ledgers/example.beancount",
          "line": 225,
          "meta": [],
          "account": "Assets:US:Vanguard:RGAGX",
          "units": {
            "number": "9.901",
            "currency": "RGAGX"
          },
          "price": null,
          "cost": {
            "number": "72.72",
            "currency": "USD",
            "date": "2022-01-24",
            "label": null
          },
          "flag": null
        },
        {
          "filename": "[REPO_DIR]/tests/ledgers/example.beancount",
          "line": 226,
          "meta": [],
          "account": "Assets:US:Vanguard:Cash",
          "units": {
            "number": "-720.00",
            "currency": "USD"
          },
          "price": null,
          "cost": null,
          "flag": null
        }
      ]
    },
    {
      "t": "Transaction",
      "date": "2022-01-24",
      "meta": [],
      "tags": [],
      "links": [],
      "filename": "[REPO_DIR]/tests/ledgers/example.beancount",
      "line": 228,
      "flag": "*",
      "payee": null,
      "narration": "Investing 40% of cash in VBMPX",
      "postings": [
        {
          "filename": "[REPO_DIR]/tests/ledgers/example.beancount",
          "line": 229,
          "meta": [],
          "account": "Assets:US:Vanguard:VBMPX",
          "units": {
            "number": "1.952",
            "currency": "VBMPX"
          },
          "price": null,
          "cost": {
            "number": "122.94",
            "currency": "USD",
            "date": "2022-01-24",
            "label": null
          },
          "flag": null
        },
        {
          "filename": "[REPO_DIR]/tests/ledgers/example.beancount",
          "line": 230,
          "meta": [],
          "account": "Assets:US:Vanguard:Cash",
          "units": {
            "number": "-239.98",
            "currency": "USD"
          },
          "price": null,
          "cost": null,
          "flag": null
        }
      ]
    },
    {
      "t": "Transaction",
      "date": "2022-01-24",
      "meta": [],
      "tags": [],
      "links": [],
      "filename": "[REPO_DIR]/tests/ledgers/example.beancount",
      "line": 232,
      "flag": "*",
      "payee": null,
      "narration": "Investing 60% of cash in RGAGX",
      "postings": [
        {
          "filename": "[REPO_DIR]/tests/ledgers/example.beancount",
          "line": 233,
          "meta": [],
          "account": "Assets:US:Vanguard:RGAGX",
          "units": {
            "number": "4.951",
            "currency": "RGAGX"
          },
          "price": null,
          "cost": {
            "number": "72.72",
            "currency": "USD",
            "date": "2022-01-24",
            "label": null
          },
          "flag": null
        },
        {
          "filename": "[REPO_DIR]/tests/ledgers/example.beancount",
          "line": 234,
          "meta": [],
          "account": "Assets:US:Vanguard:Cash",
          "units": {
            "number": "-360.04",
            "currency": "USD"
          },
          "price": null,
          "cost": null,
          "flag": null
        }
      ]
    },
    {
      "t": "Transaction",
      "date": "2022-01-25",
      "meta": [],
      "tags": [],
      "links": [],
      "filename": "[REPO_DIR]/tests/ledgers/example.beancount",
      "line": 149,
      "flag": "*",
      "payee": "Chichipotle",
      "narration": "Eating out with Joe",
      "postings": [
        {
          "filename": "[REPO_DIR]/tests/ledgers/example.beancount",
          "line": 150,
          "meta": [],
          "account": "Liabilities:US:Chase:Slate",
          "units": {
            "number": "-23.05",
            "currency": "USD"
          },
          "price": null,
          "cost": null,
          "flag": null
        },
        {
          "filename": "[REPO_DIR]/tests/ledgers/example.beancount",
          "line": 151,
          "meta": [],
          "account": "Expenses:Food:Restaurant",
          "units": {
            "number": "23.05",
            "currency": "USD"
          },
          "price": null,
          "cost": null,
          "flag": null
        }
      ]
    },
    {
      "t": "Transaction",
      "date": "2022-01-27",
      "meta": [],
      "tags": [],
      "links": [],
      "filename": "[REPO_DIR]/tests/ledgers/example.beancount",
      "line": 153,
      "flag": "*",
      "payee": "Cafe Modagor",
      "narration": "Eating out alone",
      "postings": [
        {
          "filename": "[REPO_DIR]/tests/ledgers/example.beancount",
          "line": 154,
          "meta": [],
          "account": "Liabilities:US:Chase:Slate",
          "units": {
            "number": "-28.63",
            "currency": "USD"
          },
          "price": null,
          "cost": null,
          "flag": null
        },
        {
          "filename": "[REPO_DIR]/tests/ledgers/example.beancount",
          "line": 155,
          "meta": [],
          "account": "Expenses:Food:Restaurant",
          "units": {
            "number": "28.63",
            "currency": "USD"
          },
          "price": null,
          "cost": null,
          "flag": null
        }
      ]
    },
    {
      "t": "Price",
      "date": "2022-01-28",
      "meta": [],
      "tags": [],
      "links": [],
      "filename": "[REPO_DIR]/tests/ledgers/example.beancount",
      "line": 355,
      "currency": "VBMPX",
      "amount": {
        "number": "124.43",
        "currency": "USD"
      }
    },
    {
      "t": "Price",
      "date": "2022-01-28",
      "meta": [],
      "tags": [],
      "links": [],
      "filename": "[REPO_DIR]/tests/ledgers/example.beancount",
      "line": 356,
      "currency": "RGAGX",
      "amount": {
        "number": "73.35",
        "currency": "USD"
      }
    },
    {
      "t": "Price",
      "date": "2022-01-28",
      "meta": [],
      "tags": [],
      "links": [],
      "filename": "[REPO_DIR]/tests/ledgers/example.beancount",
      "line": 357,
      "currency": "ITOT",
      "amount": {
        "number": "78.51",
        "currency": "USD"
      }
    },
    {
      "t": "Price",
      "date": "2022-01-28",
      "meta": [],
      "tags": [],
      "links": [],
      "filename": "[REPO_DIR]/tests/ledgers/example.beancount",
      "line": 358,
      "currency": "VEA",
      "amount": {
        "number": "100.97",
        "currency": "USD"
      }
    },
    {
      "t": "Price",
      "date": "2022-01-28",
      "meta": [],
      "tags": [],
      "links": [],
      "filename": "[REPO_DIR]/tests/ledgers/example.beancount",
      "line": 359,
      "currency": "VHT",
      "amount": {
        "number": "68.22",
        "currency": "USD"
      }
    },
    {
      "t": "Price",
      "date": "2022-01-28",
      "meta": [],
      "tags": [],
      "links": [],
      "filename": "[REPO_DIR]/tests/ledgers/example.beancount",
      "line": 360,
      "currency": "GLD",
      "amount": {
        "number": "44.95",
        "currency": "USD"
      }
    },
    {
      "t": "Transaction",
      "date": "2022-01-29",
      "meta": [],
      "tags": [],
      "links": [],
      "filename": "[REPO_DIR]/tests/ledgers/example.beancount",
      "line": 157,
      "flag": "*",
      "payee": "Metro Transport Authority",
      "narration": "Tram tickets",
      "postings": [
        {
          "filename": "[REPO_DIR]/tests/ledgers/example.beancount",
          "line": 158,
          "meta": [],
          "account": "Liabilities:US:Chase:Slate",
          "units": {
            "number": "-120.00",
            "currency": "USD"
          },
          "price": null,
          "cost": null,
          "flag": null
        },
        {
          "filename": "[REPO_DIR]/tests/ledgers/example.beancount",
          "line": 159,
          "meta": [],
          "account": "Expenses:Transport:Tram",
          "units": {
            "number": "120.00",
            "currency": "USD"
          },
          "price": null,
          "cost": null,
          "flag": null
        }
      ]
    },
    {
      "t": "Transaction",
      "date": "2022-01-31",
      "meta": [],
      "tags": [],
      "links": [],
      "filename": "[REPO_DIR]/tests/ledgers/example.beancount",
      "line": 161,
      "flag": "*",
      "payee": "Cafe Modagor",
      "narration": "Eating out with Natasha",
      "postings": [
        {
          "filename": "[REPO_DIR]/tests/ledgers/example.beancount",
          "line": 162,
          "meta": [],
          "account": "Liabilities:US:Chase:Slate",
          "units": {
            "number": "-45.04",
            "currency": "USD"
          },
          "price": null,
          "cost": null,
          "flag": null
        },
        {
          "filename": "[REPO_DIR]/tests/ledgers/example.beancount",
          "line": 163,
          "meta": [],
          "account": "Expenses:Food:Restaurant",
          "units": {
            "number": "45.04",
            "currency": "USD"
          },
          "price": null,
          "cost": null,
          "flag": null
        }
      ]
    },
    {
      "t": "Close",
      "date": "2022-02-04",
      "meta": [],
      "tags": [],
      "links": [],
      "filename": "[REPO_DIR]/tests/ledgers/example.beancount",
      "line": 113,
      "account": "Liabilities:US:Chase:Slate"
    }
  ],
  "errors": [],
  "options": {
    "title": "Example Beancount file",
    "root_accounts": {
      "assets": "Assets",
      "liabilities": "Liabilities",
      "equity": "Equity",
      "income": "Income",
      "expenses": "Expenses"
    },
    "account_current_conversions": "Conversions:Current",
    "account_current_earnings": "Earnings:Current",
    "account_previous_balances": "Opening-Balances",
    "account_previous_conversions": "Conversions:Previous",
    "account_previous_earnings": "Earnings:Previous",
    "render_commas": false,
    "operating_currency": [
      "USD"
    ],
    "conversion_currency": "NOTHING",
    "documents": [],
    "booking_method": "Strict",
    "inferred_tolerance_default": {
      "map": {},
      "default": "0"
    },
    "inferred_tolerance_multiplier": "0.5",
    "insert_pythonpath": false,
    "display_precisions": {
      "IRAUSD": {
        "has_sign": true,
        "max": 2,
        "common": 2
      },
      "RGAGX": {
        "has_sign": false,
        "max": 3,
        "common": 3
      },
      "USD": {
        "has_sign": true,
        "max": 2,
        "common": 2
      },
      "VACHR": {
        "has_sign": true,
        "max": 0,
        "common": 0
      },
      "VBMPX": {
        "has_sign": false,
        "max": 3,
        "common": 3
      }
    }
  },
  "includes": [
    "[REPO_DIR]/tests/ledgers/example.beancount"
  ],
  "plugins": []
}
