---
source: tests/load_test.rs
expression: ledger
---
{
  "filename": "[REPO_DIR]/tests/ledgers/test-includes.beancount",
  "entries": [
    {
      "t": "Open",
      "header": {
        "date": "1980-05-12",
        "meta": [],
        "tags": [],
        "links": [],
        "filename": "[REPO_DIR]/tests/ledgers/includes/included.beancount",
        "line": 1
      },
      "account": "Equity:Included-Account",
      "currencies": [],
      "booking": null
    }
  ],
  "errors": [],
  "options": {
    "title": "",
    "root_accounts": {
      "assets": "Assets",
      "liabilities": "Liabilities",
      "equity": "Equity",
      "income": "Income",
      "expenses": "Expenses"
    },
    "account_current_conversions": "Conversions:Current",
    "account_current_earnings": "Earnings:Current",
    "account_previous_balances": "Conversions:Previous",
    "account_previous_conversions": "Earnings:Previous",
    "account_previous_earnings": "Opening-Balances",
    "render_commas": false,
    "operating_currency": [],
    "conversion_currency": "NOTHING",
    "documents": [],
    "booking_method": "Strict",
    "inferred_tolerance_default": {
      "map": {},
      "default": "0"
    },
    "inferred_tolerance_multiplier": "0.5",
    "infer_tolerance_from_cost": false,
    "insert_pythonpath": false
  },
  "includes": [
    "[REPO_DIR]/tests/ledgers/test-includes.beancount",
    "[REPO_DIR]/tests/ledgers/includes/included.beancount"
  ],
  "plugins": []
}
